#
# A fatal error has been detected by the Java Runtime Environment:
#
#  EXCEPTION_ACCESS_VIOLATION (0xc0000005) at pc=0x00007ffe0dfdb5b6, pid=21360, tid=18948
#
# JRE version: OpenJDK Runtime Environment Temurin-21.0.6+7 (21.0.6+7) (build 21.0.6+7-LTS)
# Java VM: OpenJDK 64-Bit Server VM Temurin-21.0.6+7 (21.0.6+7-LTS, mixed mode, sharing, tiered, compressed oops, compressed class ptrs, g1 gc, windows-amd64)
# Problematic frame:
# C  [awt.dll+0xdb5b6]
#
# No core dump will be written. Minidumps are not enabled by default on client versions of Windows
#
# If you would like to submit a bug report, please visit:
#   https://github.com/adoptium/adoptium-support/issues
# The crash happened outside the Java Virtual Machine in native code.
# See problematic frame for where to report the bug.
#

---------------  S U M M A R Y ------------

Command Line: -ea -agentlib:jdwp=transport=dt_shmem,address=javadebug -Dfile.encoding=UTF-8 bluej.runtime.ExecServer UTF-8

Host: Intel(R) Core(TM) 7 150U, 12 cores, 15G,  Windows 11 , 64 bit Build 26100 (10.0.26100.7705)
Time: Fri Feb 20 13:24:56 2026 GMT Standard Time elapsed time: 6658.166205 seconds (0d 1h 50m 58s)

---------------  T H R E A D  ---------------

Current thread (0x0000022a4a19d2d0):  JavaThread "AWT-EventQueue-0"        [_thread_in_native, id=18948, stack(0x000000ff63400000,0x000000ff63500000) (1024K)]

Stack: [0x000000ff63400000,0x000000ff63500000],  sp=0x000000ff634fec50,  free space=1019k
Native frames: (J=compiled Java code, j=interpreted, Vv=VM code, C=native code)
C  [awt.dll+0xdb5b6]

Java frames: (J=compiled Java code, j=interpreted, Vv=VM code)
j  sun.awt.Win32GraphicsDevice.initNativeScale(I)V+0 java.desktop@21.0.6
j  sun.awt.Win32GraphicsDevice.initScaleFactors()V+60 java.desktop@21.0.6
j  sun.awt.Win32GraphicsDevice.displayChanged()V+16 java.desktop@21.0.6
j  sun.awt.Win32GraphicsEnvironment.displayChanged()V+271 java.desktop@21.0.6
j  sun.awt.windows.WToolkit.lambda$displayChanged$4()V+15 java.desktop@21.0.6
j  sun.awt.windows.WToolkit$$Lambda+0x0000022a060db090.run()V+0 java.desktop@21.0.6
j  java.awt.event.InvocationEvent.dispatch()V+47 java.desktop@21.0.6
j  java.awt.EventQueue.dispatchEventImpl(Ljava/awt/AWTEvent;Ljava/lang/Object;)V+21 java.desktop@21.0.6
j  java.awt.EventQueue$4.run()Ljava/lang/Void;+32 java.desktop@21.0.6
j  java.awt.EventQueue$4.run()Ljava/lang/Object;+1 java.desktop@21.0.6
J 871 c1 java.security.AccessController.executePrivileged(Ljava/security/PrivilegedAction;Ljava/security/AccessControlContext;Ljava/lang/Class;)Ljava/lang/Object; java.base@21.0.6 (65 bytes) @ 0x0000022a6d5fdb4c [0x0000022a6d5fd9e0+0x000000000000016c]
j  java.security.AccessController.doPrivileged(Ljava/security/PrivilegedAction;Ljava/security/AccessControlContext;)Ljava/lang/Object;+13 java.base@21.0.6
j  java.security.ProtectionDomain$JavaSecurityAccessImpl.doIntersectionPrivilege(Ljava/security/PrivilegedAction;Ljava/security/AccessControlContext;Ljava/security/AccessControlContext;)Ljava/lang/Object;+18 java.base@21.0.6
j  java.awt.EventQueue.dispatchEvent(Ljava/awt/AWTEvent;)V+46 java.desktop@21.0.6
j  java.awt.EventDispatchThread.pumpOneEventForFilters(I)V+81 java.desktop@21.0.6
j  java.awt.EventDispatchThread.pumpEventsForFilter(ILjava/awt/Conditional;Ljava/awt/EventFilter;)V+35 java.desktop@21.0.6
j  java.awt.EventDispatchThread.pumpEventsForHierarchy(ILjava/awt/Conditional;Ljava/awt/Component;)V+11 java.desktop@21.0.6
j  java.awt.EventDispatchThread.pumpEvents(ILjava/awt/Conditional;)V+4 java.desktop@21.0.6
j  java.awt.EventDispatchThread.pumpEvents(Ljava/awt/Conditional;)V+3 java.desktop@21.0.6
j  java.awt.EventDispatchThread.run()V+9 java.desktop@21.0.6
v  ~StubRoutines::call_stub 0x0000022a749c100d

siginfo: EXCEPTION_ACCESS_VIOLATION (0xc0000005), reading address 0x000000010000004e


Registers:
RAX=0x00000000fffffffe, RBX=0x0000022a4a66c300, RCX=0x00000000fffffffe, RDX=0x0000000000000000
RSP=0x000000ff634fec50, RBP=0x000000ff634fed30, RSI=0x0000000000000120, RDI=0x0000000000000000
R8 =0x0000000000000001, R9 =0x000000ff60f60000, R10=0x0000022a749d0787, R11=0x0000000000000100
R12=0x0000000000000000, R13=0x0000022a46268300, R14=0x000000ff634fed58, R15=0x0000022a4a19d2d0
RIP=0x00007ffe0dfdb5b6, EFLAGS=0x0000000000010206

XMM[0]=0x0000000000000000 0x0000000000000000
XMM[1]=0x0000000000000000 0x00000000bf800000
XMM[2]=0x0000000000000000 0x0000000000000000
XMM[3]=0x0000000000000000 0x0000000000000000
XMM[4]=0x0000000000000000 0x0000000000000000
XMM[5]=0x0000000000000000 0x0000000000000000
XMM[6]=0x0000000000000000 0x0000000000000000
XMM[7]=0x0000000000000000 0x0000000000000000
XMM[8]=0x0000000000000000 0x0000000000000000
XMM[9]=0x0000000000000000 0x0000000000000000
XMM[10]=0x0000000000000000 0x0000000000000000
XMM[11]=0x0000000000000000 0x0000000000000000
XMM[12]=0x0000000000000000 0x0000000000000000
XMM[13]=0x0000000000000000 0x0000000000000000
XMM[14]=0x0000000000000000 0x0000000000000000
XMM[15]=0x0000000000000000 0x0000000000000000
  MXCSR=0x00001fa0


Register to memory mapping:

RAX=0x00000000fffffffe is an unknown value
RBX=0x0000022a4a66c300 points into unknown readable memory: 0x0000022a4a2e3db0 | b0 3d 2e 4a 2a 02 00 00
RCX=0x00000000fffffffe is an unknown value
RDX=0x0 is null
RSP=0x000000ff634fec50 is pointing into the stack for thread: 0x0000022a4a19d2d0
RBP=0x000000ff634fed30 is pointing into the stack for thread: 0x0000022a4a19d2d0
RSI=0x0000000000000120 is an unknown value
RDI=0x0 is null
R8 =0x0000000000000001 is an unknown value
R9 =0x000000ff60f60000 points into unknown readable memory: 0x0000000000000000 | 00 00 00 00 00 00 00 00
R10=0x0000022a749d0787 is at code_begin+1927 in an Interpreter codelet
native method entry point (kind = native)  [0x0000022a749d0000, 0x0000022a749d1238]  4664 bytes
R11=0x0000000000000100 is an unknown value
R12=0x0 is null
R13={method} {0x0000022a46268308} 'initNativeScale' '(I)V' in 'sun/awt/Win32GraphicsDevice'
R14=0x000000ff634fed58 is pointing into the stack for thread: 0x0000022a4a19d2d0
R15=0x0000022a4a19d2d0 is a thread

Top of Stack: (sp=0x000000ff634fec50)
0x000000ff634fec50:   0000022a4a66c300 0000022a04391cc0
0x000000ff634fec60:   0000022a465c90b0 0000022a4a66c300
0x000000ff634fec70:   0000022a4a66c300 00007ffe0dfdcdf2
0x000000ff634fec80:   00007ffe0e03a848 0000022a46268300
0x000000ff634fec90:   0000022a0437d2c0 000000000000000d
0x000000ff634feca0:   0000022a749c96b9 0000022a749d07b6
0x000000ff634fecb0:   0000022a46268300 0000022a4a19d2d0
0x000000ff634fecc0:   0000022a4a19d2d0 0000022a749c96b9
0x000000ff634fecd0:   0000000000000120 00007ffe08021da9
0x000000ff634fece0:   000000ff634fee20 000000ff634fece8
0x000000ff634fecf0:   0000000000000000 0000000000000005
0x000000ff634fed00:   0000022a4626b338 0000000000000000
0x000000ff634fed10:   00000007130c7f58 0000022a46268300
0x000000ff634fed20:   0000000000000000 000000ff634fed50
0x000000ff634fed30:   000000ff634feda8 0000022a749c91b4
0x000000ff634fed40:   0000000000000000 0000022a749cc6f7
0x000000ff634fed50:   0000000000000000 00000007130de2e8
0x000000ff634fed60:   000000ff634fed60 0000022a46268954
0x000000ff634fed70:   0000000000000002 0000022a4626b338
0x000000ff634fed80:   0000000000000000 00000007130c7f58
0x000000ff634fed90:   0000022a462689a0 000000ff634fed50
0x000000ff634feda0:   000000ff634fedb8 000000ff634fee08
0x000000ff634fedb0:   0000022a749c91b4 00000007130de2e8
0x000000ff634fedc0:   000000ff634fedc0 0000022a4626a218
0x000000ff634fedd0:   0000000000000003 0000022a4626b338
0x000000ff634fede0:   0000000000000000 00000007130c7f58
0x000000ff634fedf0:   0000022a4626a260 000000ff634fedb8
0x000000ff634fee00:   000000ff634fee20 000000ff634fee70
0x000000ff634fee10:   0000022a749c91b4 0000000000000000
0x000000ff634fee20:   00000007130de2e8 000000ff634fee28
0x000000ff634fee30:   0000022a4625958f 0000000000000008
0x000000ff634fee40:   0000022a4625d460 0000000000000000 

Instructions: (pc=0x00007ffe0dfdb5b6)
0x00007ffe0dfdb4b6:   00 68 00 00 00 0f 11 44 24 34 0f 11 44 24 44 0f
0x00007ffe0dfdb4c6:   11 44 24 54 0f 11 44 24 64 0f 11 44 24 74 0f 11
0x00007ffe0dfdb4d6:   84 24 84 00 00 00 89 84 24 94 00 00 00 c7 44 24
0x00007ffe0dfdb4e6:   30 68 00 00 00 48 8d 94 24 a0 00 00 00 48 8b cd
0x00007ffe0dfdb4f6:   ff 15 cc 88 06 00 85 c0 74 40 48 8d 54 24 30 48
0x00007ffe0dfdb506:   8b ce ff 15 ba 88 06 00 85 c0 74 2e 48 8d 54 24
0x00007ffe0dfdb516:   34 48 8d 8c 24 a4 00 00 00 ff 15 eb 83 06 00 85
0x00007ffe0dfdb526:   c0 74 17 48 8d 54 24 44 48 8d 8c 24 b4 00 00 00
0x00007ffe0dfdb536:   ff 15 d4 83 06 00 85 c0 75 11 ff c7 3b 7b 0c 0f
0x00007ffe0dfdb546:   8c 15 ff ff ff 8b 3d 4f be 06 00 48 8b cb e8 b7
0x00007ffe0dfdb556:   c9 f4 ff 90 8b c7 48 8b 8c 24 10 01 00 00 48 33
0x00007ffe0dfdb566:   cc e8 54 02 01 00 4c 8d 9c 24 20 01 00 00 49 8b
0x00007ffe0dfdb576:   5b 18 49 8b 6b 20 49 8b 73 28 49 8b e3 5f c3 cc
0x00007ffe0dfdb586:   cc cc cc cc cc cc cc cc cc cc 48 8b 41 08 48 8b
0x00007ffe0dfdb596:   80 18 0c 00 00 c3 cc cc cc cc 48 8b 41 08 48 05
0x00007ffe0dfdb5a6:   00 04 00 00 c3 cc cc cc cc cc 40 53 48 83 ec 20
0x00007ffe0dfdb5b6:   83 79 50 00 48 8b d9 75 56 48 8b 49 28 4c 8d 44
0x00007ffe0dfdb5c6:   24 38 48 8d 54 24 30 c7 44 24 30 00 00 80 bf c7
0x00007ffe0dfdb5d6:   44 24 38 00 00 80 bf e8 be e1 00 00 f3 0f 10 54
0x00007ffe0dfdb5e6:   24 30 0f 57 c0 0f 2f d0 76 25 f3 0f 10 4c 24 38
0x00007ffe0dfdb5f6:   0f 2f c8 76 1a f3 0f 5e 15 09 a7 02 00 f3 0f 5e
0x00007ffe0dfdb606:   0d 01 a7 02 00 f3 0f 11 53 48 f3 0f 11 4b 4c 48
0x00007ffe0dfdb616:   83 c4 20 5b c3 cc cc cc cc cc 48 89 5c 24 10 48
0x00007ffe0dfdb626:   89 74 24 18 48 89 7c 24 20 41 56 48 83 ec 40 48
0x00007ffe0dfdb636:   8b d9 48 83 79 18 00 75 14 b9 28 04 00 00 e8 97
0x00007ffe0dfdb646:   97 00 00 48 89 43 18 c7 00 28 00 00 00 48 8b 43
0x00007ffe0dfdb656:   18 33 ff 66 89 78 0e 48 8b 4b 28 e8 5a 03 00 00
0x00007ffe0dfdb666:   48 8b f0 ba 01 00 00 00 44 8b c2 48 8b c8 ff 15
0x00007ffe0dfdb676:   b6 7f 06 00 4c 8b f0 89 7c 24 30 48 8b 4b 18 48
0x00007ffe0dfdb686:   89 4c 24 28 48 89 7c 24 20 44 8d 4f 01 45 33 c0
0x00007ffe0dfdb696:   48 8b d0 48 8b ce ff 15 6e 80 06 00 48 8b 53 30
0x00007ffe0dfdb6a6:   48 8b 0b 83 79 04 08 0f 8e 01 02 00 00 f6 42 24 


Stack slot to memory mapping:

stack at sp + 0 slots: 0x0000022a4a66c300 points into unknown readable memory: 0x0000022a4a2e3db0 | b0 3d 2e 4a 2a 02 00 00
stack at sp + 1 slots: 0x0000022a04391cc0 points into unknown readable memory: 0x0000000000000000 | 00 00 00 00 00 00 00 00
stack at sp + 2 slots: 0x0000022a465c90b0 is pointing into metadata
stack at sp + 3 slots: 0x0000022a4a66c300 points into unknown readable memory: 0x0000022a4a2e3db0 | b0 3d 2e 4a 2a 02 00 00
stack at sp + 4 slots: 0x0000022a4a66c300 points into unknown readable memory: 0x0000022a4a2e3db0 | b0 3d 2e 4a 2a 02 00 00
stack at sp + 5 slots: 0x00007ffe0dfdcdf2 awt.dll
stack at sp + 6 slots: 0x00007ffe0e03a848 awt.dll
stack at sp + 7 slots: {method} {0x0000022a46268308} 'initNativeScale' '(I)V' in 'sun/awt/Win32GraphicsDevice'


Compiled method (c1) 6660196  871       3       java.security.AccessController::executePrivileged (65 bytes)
 total in heap  [0x0000022a6d5fd810,0x0000022a6d5fde08] = 1528
 relocation     [0x0000022a6d5fd970,0x0000022a6d5fd9d8] = 104
 main code      [0x0000022a6d5fd9e0,0x0000022a6d5fdca0] = 704
 stub code      [0x0000022a6d5fdca0,0x0000022a6d5fdcf8] = 88
 metadata       [0x0000022a6d5fdcf8,0x0000022a6d5fdd08] = 16
 scopes data    [0x0000022a6d5fdd08,0x0000022a6d5fdd70] = 104
 scopes pcs     [0x0000022a6d5fdd70,0x0000022a6d5fddf0] = 128
 dependencies   [0x0000022a6d5fddf0,0x0000022a6d5fddf8] = 8
 nul chk table  [0x0000022a6d5fddf8,0x0000022a6d5fde08] = 16

[Constant Pool (empty)]

[MachCode]
[Verified Entry Point]
  # {method} {0x0000022a0546cee0} 'executePrivileged' '(Ljava/security/PrivilegedAction;Ljava/security/AccessControlContext;Ljava/lang/Class;)Ljava/lang/Object;' in 'java/security/AccessController'
  # parm0:    rdx:rdx   = 'java/security/PrivilegedAction'
  # parm1:    r8:r8     = 'java/security/AccessControlContext'
  # parm2:    r9:r9     = 'java/lang/Class'
  #           [sp+0x50]  (sp of caller)
  0x0000022a6d5fd9e0: 8984 2400 | 80ff ff55 | 4883 ec40 | 4181 7f20 | 0100 0000 

  0x0000022a6d5fd9f4: ;   {runtime_call StubRoutines (final stubs)}
  0x0000022a6d5fd9f4: 7405 e865 | 733f 0748 | 8954 2420 

  0x0000022a6d5fda00: ;   {metadata(method data for {method} {0x0000022a0546cee0} 'executePrivileged' '(Ljava/security/PrivilegedAction;Ljava/security/AccessControlContext;Ljava/lang/Class;)Ljava/lang/Object;' in 'java/security/AccessController')}
  0x0000022a6d5fda00: 48be d875 | 0b46 2a02 | 0000 8bbe | cc00 0000 | 83c7 0289 | becc 0000 | 0081 e7fe | 0700 0085 
  0x0000022a6d5fda20: ff0f 84d1 | 0100 004d 

  0x0000022a6d5fda28: ;   {metadata(method data for {method} {0x0000022a0546cee0} 'executePrivileged' '(Ljava/security/PrivilegedAction;Ljava/security/AccessControlContext;Ljava/lang/Class;)Ljava/lang/Object;' in 'java/security/AccessController')}
  0x0000022a6d5fda28: 85c0 48be | d875 0b46 | 2a02 0000 | 48c7 c720 | 0100 0075 | 0748 c7c7 | 1001 0000 | 488b 1c3e 
  0x0000022a6d5fda48: 488d 5b01 | 4889 1c3e | 4c89 4c24 | 280f 850a | 0000 004c | 8944 2430 | e927 0000 

  0x0000022a6d5fda64: ;   {metadata(method data for {method} {0x0000022a0546cee0} 'executePrivileged' '(Ljava/security/PrivilegedAction;Ljava/security/AccessControlContext;Ljava/lang/Class;)Ljava/lang/Object;' in 'java/security/AccessController')}
  0x0000022a6d5fda64: 0048 bed8 | 750b 462a | 0200 0048 | 8386 3001 | 0000 0149 | 8bd0 4c89 

  0x0000022a6d5fda7c: ;   {static_call}
  0x0000022a6d5fda7c: 4424 30e8 

  0x0000022a6d5fda80: ; ImmutableOopMap {[32]=Oop [40]=Oop [48]=Oop }
                      ;*invokestatic ensureMaterializedForStackWalk {reexecute=0 rethrow=0 return_oop=0}
                      ; - java.security.AccessController::executePrivileged@5 (line 774)
  0x0000022a6d5fda80: 5cf0 9a07 

  0x0000022a6d5fda84: ;   {other}
  0x0000022a6d5fda84: 0f1f 8400 | 7402 0000 

  0x0000022a6d5fda8c: ;   {metadata(method data for {method} {0x0000022a0546cee0} 'executePrivileged' '(Ljava/security/PrivilegedAction;Ljava/security/AccessControlContext;Ljava/lang/Class;)Ljava/lang/Object;' in 'java/security/AccessController')}
  0x0000022a6d5fda8c: 48ba d875 | 0b46 2a02 | 0000 ff82 | 4001 0000 | 488b 5424 | 2048 3b02 

  0x0000022a6d5fdaa4: ;   {metadata(method data for {method} {0x0000022a0546cee0} 'executePrivileged' '(Ljava/security/PrivilegedAction;Ljava/security/AccessControlContext;Ljava/lang/Class;)Ljava/lang/Object;' in 'java/security/AccessController')}
  0x0000022a6d5fdaa4: 488b f248 | bfd8 750b | 462a 0200 | 008b 7608 | 49ba 0000 | 0005 2a02 | 0000 4903 | f248 3bb7 
  0x0000022a6d5fdac4: b001 0000 | 750d 4883 | 87b8 0100 | 0001 e960 | 0000 0048 | 3bb7 c001 | 0000 750d | 4883 87c8 
  0x0000022a6d5fdae4: 0100 0001 | e94a 0000 | 0048 83bf | b001 0000 | 0075 1748 | 89b7 b001 | 0000 48c7 | 87b8 0100 
  0x0000022a6d5fdb04: 0001 0000 | 00e9 2900 | 0000 4883 | bfc0 0100 | 0000 7517 | 4889 b7c0 | 0100 0048 | c787 c801 
  0x0000022a6d5fdb24: 0000 0100 | 0000 e908 | 0000 0048 | 8387 a001 | 0000 0148 | 8bf2 488b | d648 b8c0 | 88d0 4c2a 
  0x0000022a6d5fdb44: ;   {virtual_call}
  0x0000022a6d5fdb44: 0200 00e8 

  0x0000022a6d5fdb48: ; ImmutableOopMap {[32]=Oop [40]=Oop [48]=Oop }
                      ;*invokeinterface run {reexecute=0 rethrow=0 return_oop=0}
                      ; - java.security.AccessController::executePrivileged@29 (line 778)
  0x0000022a6d5fdb48: 74ec 4e07 

  0x0000022a6d5fdb4c: ;   {other}
  0x0000022a6d5fdb4c: 0f1f 8400 | 3c03 0001 

  0x0000022a6d5fdb54: ;   {metadata(method data for {method} {0x0000022a0546cee0} 'executePrivileged' '(Ljava/security/PrivilegedAction;Ljava/security/AccessControlContext;Ljava/lang/Class;)Ljava/lang/Object;' in 'java/security/AccessController')}
  0x0000022a6d5fdb54: 48be d875 | 0b46 2a02 | 0000 ff86 | d801 0000 | 4c8b 4c24 | 284c 8b44 | 2430 488b 

  0x0000022a6d5fdb70: ;   {metadata(method data for {method} {0x0000022a0546cee0} 'executePrivileged' '(Ljava/security/PrivilegedAction;Ljava/security/AccessControlContext;Ljava/lang/Class;)Ljava/lang/Object;' in 'java/security/AccessController')}
  0x0000022a6d5fdb70: 5424 2048 | bed8 750b | 462a 0200 | 0048 8386 | 3802 0000 

  0x0000022a6d5fdb84: ;   {metadata(method data for {method} {0x0000022a0503d050} 'reachabilityFence' '(Ljava/lang/Object;)V' in 'java/lang/ref/Reference')}
  0x0000022a6d5fdb84: 0148 be48 | 5403 462a | 0200 008b | becc 0000 | 0083 c702 | 89be cc00 | 0000 81e7 | feff 1f00 
  0x0000022a6d5fdba4: 85ff 0f84 | 7200 0000 

  0x0000022a6d5fdbac: ;   {metadata(method data for {method} {0x0000022a0546cee0} 'executePrivileged' '(Ljava/security/PrivilegedAction;Ljava/security/AccessControlContext;Ljava/lang/Class;)Ljava/lang/Object;' in 'java/security/AccessController')}
  0x0000022a6d5fdbac: 48be d875 | 0b46 2a02 | 0000 4883 | 8648 0200 

  0x0000022a6d5fdbbc: ;   {metadata(method data for {method} {0x0000022a0503d050} 'reachabilityFence' '(Ljava/lang/Object;)V' in 'java/lang/ref/Reference')}
  0x0000022a6d5fdbbc: 0001 48be | 4854 0346 | 2a02 0000 | 8bbe cc00 | 0000 83c7 | 0289 becc | 0000 0081 | e7fe ff1f 
  0x0000022a6d5fdbdc: 0085 ff0f | 845a 0000 | 0048 83c4 

  0x0000022a6d5fdbe8: ;   {poll_return}
  0x0000022a6d5fdbe8: 405d 493b | a748 0400 | 000f 8766 | 0000 00c3 

  0x0000022a6d5fdbf8: ;   {metadata({method} {0x0000022a0546cee0} 'executePrivileged' '(Ljava/security/PrivilegedAction;Ljava/security/AccessControlContext;Ljava/lang/Class;)Ljava/lang/Object;' in 'java/security/AccessController')}
  0x0000022a6d5fdbf8: 49ba d8ce | 4605 2a02 | 0000 4c89 | 5424 0848 | c704 24ff 

  0x0000022a6d5fdc0c: ;   {runtime_call counter_overflow Runtime1 stub}
  0x0000022a6d5fdc0c: ffff ffe8 

  0x0000022a6d5fdc10: ; ImmutableOopMap {rdx=Oop r8=Oop r9=Oop [32]=Oop }
                      ;*synchronization entry
                      ; - java.security.AccessController::executePrivileged@-1 (line 773)
  0x0000022a6d5fdc10: 6cd8 4e07 | e90e feff 

  0x0000022a6d5fdc18: ;   {runtime_call throw_null_pointer_exception Runtime1 stub}
  0x0000022a6d5fdc18: ffe8 6287 

  0x0000022a6d5fdc1c: ; ImmutableOopMap {rdx=Oop [32]=Oop [40]=Oop [48]=Oop }
                      ;*invokeinterface run {reexecute=0 rethrow=0 return_oop=0}
                      ; - java.security.AccessController::executePrivileged@29 (line 778)
                      ;   {metadata({method} {0x0000022a0503d050} 'reachabilityFence' '(Ljava/lang/Object;)V' in 'java/lang/ref/Reference')}
  0x0000022a6d5fdc1c: 4e07 49ba | 48d0 0305 | 2a02 0000 | 4c89 5424 | 0848 c704 | 24ff ffff 

  0x0000022a6d5fdc34: ;   {runtime_call counter_overflow Runtime1 stub}
  0x0000022a6d5fdc34: ffe8 46d8 

  0x0000022a6d5fdc38: ; ImmutableOopMap {rax=Oop r9=Oop rdx=Oop r8=Oop [32]=Oop }
                      ;*synchronization entry
                      ; - java.lang.ref.Reference::reachabilityFence@-1 (line 628)
                      ; - java.security.AccessController::executePrivileged@56 (line 783)
  0x0000022a6d5fdc38: 4e07 e96d 

  0x0000022a6d5fdc3c: ;   {metadata({method} {0x0000022a0503d050} 'reachabilityFence' '(Ljava/lang/Object;)V' in 'java/lang/ref/Reference')}
  0x0000022a6d5fdc3c: ffff ff49 | ba48 d003 | 052a 0200 | 004c 8954 | 2408 48c7 | 0424 ffff 

  0x0000022a6d5fdc54: ;   {runtime_call counter_overflow Runtime1 stub}
  0x0000022a6d5fdc54: ffff e825 

  0x0000022a6d5fdc58: ; ImmutableOopMap {rax=Oop r9=Oop rdx=Oop r8=Oop [32]=Oop }
                      ;*synchronization entry
                      ; - java.lang.ref.Reference::reachabilityFence@-1 (line 628)
                      ; - java.security.AccessController::executePrivileged@60 (line 784)
  0x0000022a6d5fdc58: d84e 07eb 

  0x0000022a6d5fdc5c: ;   {internal_word}
  0x0000022a6d5fdc5c: 8849 baea | db5f 6d2a | 0200 004d | 8997 6004 

  0x0000022a6d5fdc6c: ;   {runtime_call SafepointBlob}
  0x0000022a6d5fdc6c: 0000 e98d | 7a41 0749 | 8b87 f804 | 0000 49c7 | 87f8 0400 | 0000 0000 | 0049 c787 | 0005 0000 
  0x0000022a6d5fdc8c: 0000 0000 | 4883 c440 

  0x0000022a6d5fdc94: ;   {runtime_call unwind_exception Runtime1 stub}
  0x0000022a6d5fdc94: 5de9 e677 | 4e07 f4f4 | f4f4 f4f4 
[Stub Code]
  0x0000022a6d5fdca0: ;   {no_reloc}
  0x0000022a6d5fdca0: 0f1f 4400 

  0x0000022a6d5fdca4: ;   {static_stub}
  0x0000022a6d5fdca4: 0048 bb00 | 0000 0000 

  0x0000022a6d5fdcac: ;   {runtime_call nmethod}
  0x0000022a6d5fdcac: 0000 00e9 | fbff ffff 

  0x0000022a6d5fdcb4: ;   {static_stub}
  0x0000022a6d5fdcb4: 48bb 00cd | 4605 2a02 

  0x0000022a6d5fdcbc: ;   {runtime_call I2C/C2I adapters}
  0x0000022a6d5fdcbc: 0000 e9a0 

  0x0000022a6d5fdcc0: ;   {runtime_call handle_exception_from_callee Runtime1 stub}
  0x0000022a6d5fdcc0: 5741 07e8 | b8a4 4e07 

  0x0000022a6d5fdcc8: ;   {external_word}
  0x0000022a6d5fdcc8: 48b9 907f | 3908 fe7f | 0000 4883 

  0x0000022a6d5fdcd4: ;   {runtime_call}
  0x0000022a6d5fdcd4: e4f0 48b8 | f042 fc07 | fe7f 0000 

  0x0000022a6d5fdce0: ;   {section_word}
  0x0000022a6d5fdce0: ffd0 f449 | bae3 dc5f | 6d2a 0200 

  0x0000022a6d5fdcec: ;   {runtime_call DeoptimizationBlob}
  0x0000022a6d5fdcec: 0041 52e9 | ac6c 4107 | f4f4 f4f4 
[/MachCode]


---------------  P R O C E S S  ---------------

Threads class SMR info:
_java_thread_list=0x0000022a4d22cc00, length=21, elements={
0x0000022a044e7810, 0x0000022a044ee390, 0x0000022a044eede0, 0x0000022a044ef830,
0x0000022a044f0280, 0x0000022a044f0cd0, 0x0000022a044f1a50, 0x0000022a044f24e0,
0x0000022a046ab620, 0x0000022a046b7ee0, 0x0000022a046bc4f0, 0x0000022a046bcb70,
0x0000022a046c6190, 0x0000022a4a01c840, 0x0000022a4a027a00, 0x0000022a4a037b80,
0x0000022a629f4490, 0x0000022a4a19ab70, 0x0000022a4a199e50, 0x0000022a4a19bf20,
0x0000022a4a19d2d0
}

Java Threads: ( => current thread )
  0x0000022a044e7810 JavaThread "Reference Handler"          daemon [_thread_blocked, id=38004, stack(0x000000ff61b00000,0x000000ff61c00000) (1024K)]
  0x0000022a044ee390 JavaThread "Finalizer"                  daemon [_thread_blocked, id=25864, stack(0x000000ff61c00000,0x000000ff61d00000) (1024K)]
  0x0000022a044eede0 JavaThread "Signal Dispatcher"          daemon [_thread_blocked, id=16952, stack(0x000000ff61d00000,0x000000ff61e00000) (1024K)]
  0x0000022a044ef830 JavaThread "Attach Listener"            daemon [_thread_blocked, id=28348, stack(0x000000ff61e00000,0x000000ff61f00000) (1024K)]
  0x0000022a044f0280 JavaThread "Service Thread"             daemon [_thread_blocked, id=38504, stack(0x000000ff61f00000,0x000000ff62000000) (1024K)]
  0x0000022a044f0cd0 JavaThread "Monitor Deflation Thread"   daemon [_thread_blocked, id=17304, stack(0x000000ff62000000,0x000000ff62100000) (1024K)]
  0x0000022a044f1a50 JavaThread "C2 CompilerThread0"         daemon [_thread_blocked, id=32340, stack(0x000000ff62100000,0x000000ff62200000) (1024K)]
  0x0000022a044f24e0 JavaThread "C1 CompilerThread0"         daemon [_thread_blocked, id=31872, stack(0x000000ff62200000,0x000000ff62300000) (1024K)]
  0x0000022a046ab620 JavaThread "JDWP Transport Listener: dt_shmem" daemon [_thread_blocked, id=34392, stack(0x000000ff62300000,0x000000ff62400000) (1024K)]
  0x0000022a046b7ee0 JavaThread "JDWP Event Helper Thread"   daemon [_thread_blocked, id=3808, stack(0x000000ff62400000,0x000000ff62500000) (1024K)]
  0x0000022a046bc4f0 JavaThread "JDWP Command Reader"        daemon [_thread_in_native, id=38672, stack(0x000000ff62500000,0x000000ff62600000) (1024K)]
  0x0000022a046bcb70 JavaThread "Notification Thread"        daemon [_thread_blocked, id=22172, stack(0x000000ff62600000,0x000000ff62700000) (1024K)]
  0x0000022a046c6190 JavaThread "Common-Cleaner"             daemon [_thread_blocked, id=36400, stack(0x000000ff62700000,0x000000ff62800000) (1024K)]
  0x0000022a4a01c840 JavaThread "Java2D Disposer"            daemon [_thread_blocked, id=29344, stack(0x000000ff62800000,0x000000ff62900000) (1024K)]
  0x0000022a4a027a00 JavaThread "AWT-Windows"                daemon [_thread_in_native, id=38168, stack(0x000000ff62a00000,0x000000ff62b00000) (1024K)]
  0x0000022a4a037b80 JavaThread "BlueJ worker thread"               [_thread_blocked, id=18224, stack(0x000000ff62c00000,0x000000ff62d00000) (1024K)]
  0x0000022a629f4490 JavaThread "DestroyJavaVM"                     [_thread_blocked, id=37060, stack(0x000000ff61300000,0x000000ff61400000) (1024K)]
  0x0000022a4a19ab70 JavaThread "QuantumRenderer-0"          daemon [_thread_blocked, id=35744, stack(0x000000ff63b00000,0x000000ff63c00000) (1024K)]
  0x0000022a4a199e50 JavaThread "main"                              [_thread_blocked, id=15908, stack(0x000000ff62900000,0x000000ff62a00000) (1024K)]
  0x0000022a4a19bf20 JavaThread "AWT-Shutdown"                      [_thread_blocked, id=24704, stack(0x000000ff63200000,0x000000ff63300000) (1024K)]
=>0x0000022a4a19d2d0 JavaThread "AWT-EventQueue-0"                  [_thread_in_native, id=18948, stack(0x000000ff63400000,0x000000ff63500000) (1024K)]
Total: 21

Other Threads:
  0x0000022a044cd130 VMThread "VM Thread"                           [id=24444, stack(0x000000ff61a00000,0x000000ff61b00000) (1024K)]
  0x0000022a044b8fe0 WatcherThread "VM Periodic Task Thread"        [id=21828, stack(0x000000ff61900000,0x000000ff61a00000) (1024K)]
  0x0000022a64e0fcb0 WorkerThread "GC Thread#0"                     [id=25980, stack(0x000000ff61400000,0x000000ff61500000) (1024K)]
  0x0000022a4d11f1b0 WorkerThread "GC Thread#1"                     [id=22464, stack(0x000000ff61000000,0x000000ff61100000) (1024K)]
  0x0000022a4d11f550 WorkerThread "GC Thread#2"                     [id=3968, stack(0x000000ff61100000,0x000000ff61200000) (1024K)]
  0x0000022a4d11fc90 WorkerThread "GC Thread#3"                     [id=36716, stack(0x000000ff61200000,0x000000ff61300000) (1024K)]
  0x0000022a4d11f8f0 WorkerThread "GC Thread#4"                     [id=37964, stack(0x000000ff62b00000,0x000000ff62c00000) (1024K)]
  0x0000022a4d120030 WorkerThread "GC Thread#5"                     [id=14896, stack(0x000000ff62d00000,0x000000ff62e00000) (1024K)]
  0x0000022a4d8e22e0 WorkerThread "GC Thread#6"                     [id=33724, stack(0x000000ff62f00000,0x000000ff63000000) (1024K)]
  0x0000022a4d8e1800 WorkerThread "GC Thread#7"                     [id=8996, stack(0x000000ff63100000,0x000000ff63200000) (1024K)]
  0x0000022a4d8dfb00 WorkerThread "GC Thread#8"                     [id=30816, stack(0x000000ff63300000,0x000000ff63400000) (1024K)]
  0x0000022a4d8e0d20 WorkerThread "GC Thread#9"                     [id=15160, stack(0x000000ff63600000,0x000000ff63700000) (1024K)]
  0x0000022a64e22630 ConcurrentGCThread "G1 Main Marker"            [id=3376, stack(0x000000ff61500000,0x000000ff61600000) (1024K)]
  0x0000022a64e238d0 WorkerThread "G1 Conc#0"                       [id=36308, stack(0x000000ff61600000,0x000000ff61700000) (1024K)]
  0x0000022a0437d9c0 ConcurrentGCThread "G1 Refine#0"               [id=10792, stack(0x000000ff61700000,0x000000ff61800000) (1024K)]
  0x0000022a0437e2e0 ConcurrentGCThread "G1 Service"                [id=38232, stack(0x000000ff61800000,0x000000ff61900000) (1024K)]
Total: 16

Threads with active compile tasks:
Total: 0

VM state: not at safepoint (normal execution)

VM Mutex/Monitor currently owned by a thread: None

Heap address: 0x0000000704e00000, size: 4018 MB, Compressed Oops mode: Zero based, Oop shift amount: 3

CDS archive(s) mapped at: [0x0000022a05000000-0x0000022a05c80000-0x0000022a05c80000), size 13107200, SharedBaseAddress: 0x0000022a05000000, ArchiveRelocationMode: 1.
Compressed class space mapped at: 0x0000022a06000000-0x0000022a46000000, reserved size: 1073741824
Narrow klass base: 0x0000022a05000000, Narrow klass shift: 0, Narrow klass range: 0x100000000

GC Precious Log:
 CardTable entry size: 512
 Card Set container configuration: InlinePtr #cards 4 size 8 Array Of Cards #cards 16 size 48 Howl #buckets 8 coarsen threshold 3686 Howl Bitmap #cards 512 size 80 coarsen threshold 460 Card regions per heap region 1 cards per card region 4096
 CPUs: 12 total, 12 available
 Memory: 16068M
 Large Page Support: Disabled
 NUMA Support: Disabled
 Compressed Oops: Enabled (Zero based)
 Heap Region Size: 2M
 Heap Min Capacity: 8M
 Heap Initial Capacity: 252M
 Heap Max Capacity: 4018M
 Pre-touch: Disabled
 Parallel Workers: 10
 Concurrent Workers: 3
 Concurrent Refinement Workers: 10
 Periodic GC: Disabled

Heap:
 garbage-first heap   total 258048K, used 13654K [0x0000000704e00000, 0x0000000800000000)
  region size 2048K, 8 young (16384K), 2 survivors (4096K)
 Metaspace       used 7157K, committed 7424K, reserved 1114112K
  class space    used 725K, committed 832K, reserved 1048576K

Heap Regions: E=young(eden), S=young(survivor), O=old, HS=humongous(starts), HC=humongous(continues), CS=collection set, F=free, TAMS=top-at-mark-start, PB=parsable bottom
|   0|0x0000000704e00000, 0x0000000704e00000, 0x0000000705000000|  0%| F|  |TAMS 0x0000000704e00000| PB 0x0000000704e00000| Untracked 
|   1|0x0000000705000000, 0x0000000705000000, 0x0000000705200000|  0%| F|  |TAMS 0x0000000705000000| PB 0x0000000705000000| Untracked 
|   2|0x0000000705200000, 0x0000000705200000, 0x0000000705400000|  0%| F|  |TAMS 0x0000000705200000| PB 0x0000000705200000| Untracked 
|   3|0x0000000705400000, 0x0000000705400000, 0x0000000705600000|  0%| F|  |TAMS 0x0000000705400000| PB 0x0000000705400000| Untracked 
|   4|0x0000000705600000, 0x0000000705600000, 0x0000000705800000|  0%| F|  |TAMS 0x0000000705600000| PB 0x0000000705600000| Untracked 
|   5|0x0000000705800000, 0x0000000705800000, 0x0000000705a00000|  0%| F|  |TAMS 0x0000000705800000| PB 0x0000000705800000| Untracked 
|   6|0x0000000705a00000, 0x0000000705a00000, 0x0000000705c00000|  0%| F|  |TAMS 0x0000000705a00000| PB 0x0000000705a00000| Untracked 
|   7|0x0000000705c00000, 0x0000000705c00000, 0x0000000705e00000|  0%| F|  |TAMS 0x0000000705c00000| PB 0x0000000705c00000| Untracked 
|   8|0x0000000705e00000, 0x0000000705e00000, 0x0000000706000000|  0%| F|  |TAMS 0x0000000705e00000| PB 0x0000000705e00000| Untracked 
|   9|0x0000000706000000, 0x0000000706000000, 0x0000000706200000|  0%| F|  |TAMS 0x0000000706000000| PB 0x0000000706000000| Untracked 
|  10|0x0000000706200000, 0x0000000706200000, 0x0000000706400000|  0%| F|  |TAMS 0x0000000706200000| PB 0x0000000706200000| Untracked 
|  11|0x0000000706400000, 0x0000000706400000, 0x0000000706600000|  0%| F|  |TAMS 0x0000000706400000| PB 0x0000000706400000| Untracked 
|  12|0x0000000706600000, 0x0000000706600000, 0x0000000706800000|  0%| F|  |TAMS 0x0000000706600000| PB 0x0000000706600000| Untracked 
|  13|0x0000000706800000, 0x0000000706800000, 0x0000000706a00000|  0%| F|  |TAMS 0x0000000706800000| PB 0x0000000706800000| Untracked 
|  14|0x0000000706a00000, 0x0000000706a00000, 0x0000000706c00000|  0%| F|  |TAMS 0x0000000706a00000| PB 0x0000000706a00000| Untracked 
|  15|0x0000000706c00000, 0x0000000706c00000, 0x0000000706e00000|  0%| F|  |TAMS 0x0000000706c00000| PB 0x0000000706c00000| Untracked 
|  16|0x0000000706e00000, 0x0000000706e00000, 0x0000000707000000|  0%| F|  |TAMS 0x0000000706e00000| PB 0x0000000706e00000| Untracked 
|  17|0x0000000707000000, 0x0000000707000000, 0x0000000707200000|  0%| F|  |TAMS 0x0000000707000000| PB 0x0000000707000000| Untracked 
|  18|0x0000000707200000, 0x0000000707200000, 0x0000000707400000|  0%| F|  |TAMS 0x0000000707200000| PB 0x0000000707200000| Untracked 
|  19|0x0000000707400000, 0x0000000707400000, 0x0000000707600000|  0%| F|  |TAMS 0x0000000707400000| PB 0x0000000707400000| Untracked 
|  20|0x0000000707600000, 0x0000000707600000, 0x0000000707800000|  0%| F|  |TAMS 0x0000000707600000| PB 0x0000000707600000| Untracked 
|  21|0x0000000707800000, 0x0000000707800000, 0x0000000707a00000|  0%| F|  |TAMS 0x0000000707800000| PB 0x0000000707800000| Untracked 
|  22|0x0000000707a00000, 0x0000000707a00000, 0x0000000707c00000|  0%| F|  |TAMS 0x0000000707a00000| PB 0x0000000707a00000| Untracked 
|  23|0x0000000707c00000, 0x0000000707c00000, 0x0000000707e00000|  0%| F|  |TAMS 0x0000000707c00000| PB 0x0000000707c00000| Untracked 
|  24|0x0000000707e00000, 0x0000000707e00000, 0x0000000708000000|  0%| F|  |TAMS 0x0000000707e00000| PB 0x0000000707e00000| Untracked 
|  25|0x0000000708000000, 0x0000000708000000, 0x0000000708200000|  0%| F|  |TAMS 0x0000000708000000| PB 0x0000000708000000| Untracked 
|  26|0x0000000708200000, 0x0000000708200000, 0x0000000708400000|  0%| F|  |TAMS 0x0000000708200000| PB 0x0000000708200000| Untracked 
|  27|0x0000000708400000, 0x0000000708400000, 0x0000000708600000|  0%| F|  |TAMS 0x0000000708400000| PB 0x0000000708400000| Untracked 
|  28|0x0000000708600000, 0x0000000708600000, 0x0000000708800000|  0%| F|  |TAMS 0x0000000708600000| PB 0x0000000708600000| Untracked 
|  29|0x0000000708800000, 0x0000000708800000, 0x0000000708a00000|  0%| F|  |TAMS 0x0000000708800000| PB 0x0000000708800000| Untracked 
|  30|0x0000000708a00000, 0x0000000708a00000, 0x0000000708c00000|  0%| F|  |TAMS 0x0000000708a00000| PB 0x0000000708a00000| Untracked 
|  31|0x0000000708c00000, 0x0000000708c00000, 0x0000000708e00000|  0%| F|  |TAMS 0x0000000708c00000| PB 0x0000000708c00000| Untracked 
|  32|0x0000000708e00000, 0x0000000708e00000, 0x0000000709000000|  0%| F|  |TAMS 0x0000000708e00000| PB 0x0000000708e00000| Untracked 
|  33|0x0000000709000000, 0x0000000709000000, 0x0000000709200000|  0%| F|  |TAMS 0x0000000709000000| PB 0x0000000709000000| Untracked 
|  34|0x0000000709200000, 0x0000000709200000, 0x0000000709400000|  0%| F|  |TAMS 0x0000000709200000| PB 0x0000000709200000| Untracked 
|  35|0x0000000709400000, 0x0000000709400000, 0x0000000709600000|  0%| F|  |TAMS 0x0000000709400000| PB 0x0000000709400000| Untracked 
|  36|0x0000000709600000, 0x0000000709600000, 0x0000000709800000|  0%| F|  |TAMS 0x0000000709600000| PB 0x0000000709600000| Untracked 
|  37|0x0000000709800000, 0x0000000709800000, 0x0000000709a00000|  0%| F|  |TAMS 0x0000000709800000| PB 0x0000000709800000| Untracked 
|  38|0x0000000709a00000, 0x0000000709a00000, 0x0000000709c00000|  0%| F|  |TAMS 0x0000000709a00000| PB 0x0000000709a00000| Untracked 
|  39|0x0000000709c00000, 0x0000000709c00000, 0x0000000709e00000|  0%| F|  |TAMS 0x0000000709c00000| PB 0x0000000709c00000| Untracked 
|  40|0x0000000709e00000, 0x0000000709e00000, 0x000000070a000000|  0%| F|  |TAMS 0x0000000709e00000| PB 0x0000000709e00000| Untracked 
|  41|0x000000070a000000, 0x000000070a000000, 0x000000070a200000|  0%| F|  |TAMS 0x000000070a000000| PB 0x000000070a000000| Untracked 
|  42|0x000000070a200000, 0x000000070a200000, 0x000000070a400000|  0%| F|  |TAMS 0x000000070a200000| PB 0x000000070a200000| Untracked 
|  43|0x000000070a400000, 0x000000070a400000, 0x000000070a600000|  0%| F|  |TAMS 0x000000070a400000| PB 0x000000070a400000| Untracked 
|  44|0x000000070a600000, 0x000000070a600000, 0x000000070a800000|  0%| F|  |TAMS 0x000000070a600000| PB 0x000000070a600000| Untracked 
|  45|0x000000070a800000, 0x000000070a800000, 0x000000070aa00000|  0%| F|  |TAMS 0x000000070a800000| PB 0x000000070a800000| Untracked 
|  46|0x000000070aa00000, 0x000000070aa00000, 0x000000070ac00000|  0%| F|  |TAMS 0x000000070aa00000| PB 0x000000070aa00000| Untracked 
|  47|0x000000070ac00000, 0x000000070ac00000, 0x000000070ae00000|  0%| F|  |TAMS 0x000000070ac00000| PB 0x000000070ac00000| Untracked 
|  48|0x000000070ae00000, 0x000000070ae00000, 0x000000070b000000|  0%| F|  |TAMS 0x000000070ae00000| PB 0x000000070ae00000| Untracked 
|  49|0x000000070b000000, 0x000000070b000000, 0x000000070b200000|  0%| F|  |TAMS 0x000000070b000000| PB 0x000000070b000000| Untracked 
|  50|0x000000070b200000, 0x000000070b200000, 0x000000070b400000|  0%| F|  |TAMS 0x000000070b200000| PB 0x000000070b200000| Untracked 
|  51|0x000000070b400000, 0x000000070b400000, 0x000000070b600000|  0%| F|  |TAMS 0x000000070b400000| PB 0x000000070b400000| Untracked 
|  52|0x000000070b600000, 0x000000070b600000, 0x000000070b800000|  0%| F|  |TAMS 0x000000070b600000| PB 0x000000070b600000| Untracked 
|  53|0x000000070b800000, 0x000000070b800000, 0x000000070ba00000|  0%| F|  |TAMS 0x000000070b800000| PB 0x000000070b800000| Untracked 
|  54|0x000000070ba00000, 0x000000070ba00000, 0x000000070bc00000|  0%| F|  |TAMS 0x000000070ba00000| PB 0x000000070ba00000| Untracked 
|  55|0x000000070bc00000, 0x000000070bc00000, 0x000000070be00000|  0%| F|  |TAMS 0x000000070bc00000| PB 0x000000070bc00000| Untracked 
|  56|0x000000070be00000, 0x000000070be00000, 0x000000070c000000|  0%| F|  |TAMS 0x000000070be00000| PB 0x000000070be00000| Untracked 
|  57|0x000000070c000000, 0x000000070c000000, 0x000000070c200000|  0%| F|  |TAMS 0x000000070c000000| PB 0x000000070c000000| Untracked 
|  58|0x000000070c200000, 0x000000070c200000, 0x000000070c400000|  0%| F|  |TAMS 0x000000070c200000| PB 0x000000070c200000| Untracked 
|  59|0x000000070c400000, 0x000000070c400000, 0x000000070c600000|  0%| F|  |TAMS 0x000000070c400000| PB 0x000000070c400000| Untracked 
|  60|0x000000070c600000, 0x000000070c600000, 0x000000070c800000|  0%| F|  |TAMS 0x000000070c600000| PB 0x000000070c600000| Untracked 
|  61|0x000000070c800000, 0x000000070c800000, 0x000000070ca00000|  0%| F|  |TAMS 0x000000070c800000| PB 0x000000070c800000| Untracked 
|  62|0x000000070ca00000, 0x000000070ca00000, 0x000000070cc00000|  0%| F|  |TAMS 0x000000070ca00000| PB 0x000000070ca00000| Untracked 
|  63|0x000000070cc00000, 0x000000070cc00000, 0x000000070ce00000|  0%| F|  |TAMS 0x000000070cc00000| PB 0x000000070cc00000| Untracked 
|  64|0x000000070ce00000, 0x000000070ce00000, 0x000000070d000000|  0%| F|  |TAMS 0x000000070ce00000| PB 0x000000070ce00000| Untracked 
|  65|0x000000070d000000, 0x000000070d000000, 0x000000070d200000|  0%| F|  |TAMS 0x000000070d000000| PB 0x000000070d000000| Untracked 
|  66|0x000000070d200000, 0x000000070d200000, 0x000000070d400000|  0%| F|  |TAMS 0x000000070d200000| PB 0x000000070d200000| Untracked 
|  67|0x000000070d400000, 0x000000070d400000, 0x000000070d600000|  0%| F|  |TAMS 0x000000070d400000| PB 0x000000070d400000| Untracked 
|  68|0x000000070d600000, 0x000000070d600000, 0x000000070d800000|  0%| F|  |TAMS 0x000000070d600000| PB 0x000000070d600000| Untracked 
|  69|0x000000070d800000, 0x000000070d800000, 0x000000070da00000|  0%| F|  |TAMS 0x000000070d800000| PB 0x000000070d800000| Untracked 
|  70|0x000000070da00000, 0x000000070da00000, 0x000000070dc00000|  0%| F|  |TAMS 0x000000070da00000| PB 0x000000070da00000| Untracked 
|  71|0x000000070dc00000, 0x000000070dc00000, 0x000000070de00000|  0%| F|  |TAMS 0x000000070dc00000| PB 0x000000070dc00000| Untracked 
|  72|0x000000070de00000, 0x000000070de00000, 0x000000070e000000|  0%| F|  |TAMS 0x000000070de00000| PB 0x000000070de00000| Untracked 
|  73|0x000000070e000000, 0x000000070e000000, 0x000000070e200000|  0%| F|  |TAMS 0x000000070e000000| PB 0x000000070e000000| Untracked 
|  74|0x000000070e200000, 0x000000070e200000, 0x000000070e400000|  0%| F|  |TAMS 0x000000070e200000| PB 0x000000070e200000| Untracked 
|  75|0x000000070e400000, 0x000000070e400000, 0x000000070e600000|  0%| F|  |TAMS 0x000000070e400000| PB 0x000000070e400000| Untracked 
|  76|0x000000070e600000, 0x000000070e600000, 0x000000070e800000|  0%| F|  |TAMS 0x000000070e600000| PB 0x000000070e600000| Untracked 
|  77|0x000000070e800000, 0x000000070e800000, 0x000000070ea00000|  0%| F|  |TAMS 0x000000070e800000| PB 0x000000070e800000| Untracked 
|  78|0x000000070ea00000, 0x000000070ea00000, 0x000000070ec00000|  0%| F|  |TAMS 0x000000070ea00000| PB 0x000000070ea00000| Untracked 
|  79|0x000000070ec00000, 0x000000070ec00000, 0x000000070ee00000|  0%| F|  |TAMS 0x000000070ec00000| PB 0x000000070ec00000| Untracked 
|  80|0x000000070ee00000, 0x000000070ee00000, 0x000000070f000000|  0%| F|  |TAMS 0x000000070ee00000| PB 0x000000070ee00000| Untracked 
|  81|0x000000070f000000, 0x000000070f000000, 0x000000070f200000|  0%| F|  |TAMS 0x000000070f000000| PB 0x000000070f000000| Untracked 
|  82|0x000000070f200000, 0x000000070f200000, 0x000000070f400000|  0%| F|  |TAMS 0x000000070f200000| PB 0x000000070f200000| Untracked 
|  83|0x000000070f400000, 0x000000070f400000, 0x000000070f600000|  0%| F|  |TAMS 0x000000070f400000| PB 0x000000070f400000| Untracked 
|  84|0x000000070f600000, 0x000000070f600000, 0x000000070f800000|  0%| F|  |TAMS 0x000000070f600000| PB 0x000000070f600000| Untracked 
|  85|0x000000070f800000, 0x000000070f800000, 0x000000070fa00000|  0%| F|  |TAMS 0x000000070f800000| PB 0x000000070f800000| Untracked 
|  86|0x000000070fa00000, 0x000000070fa00000, 0x000000070fc00000|  0%| F|  |TAMS 0x000000070fa00000| PB 0x000000070fa00000| Untracked 
|  87|0x000000070fc00000, 0x000000070fc00000, 0x000000070fe00000|  0%| F|  |TAMS 0x000000070fc00000| PB 0x000000070fc00000| Untracked 
|  88|0x000000070fe00000, 0x000000070fe00000, 0x0000000710000000|  0%| F|  |TAMS 0x000000070fe00000| PB 0x000000070fe00000| Untracked 
|  89|0x0000000710000000, 0x0000000710000000, 0x0000000710200000|  0%| F|  |TAMS 0x0000000710000000| PB 0x0000000710000000| Untracked 
|  90|0x0000000710200000, 0x0000000710200000, 0x0000000710400000|  0%| F|  |TAMS 0x0000000710200000| PB 0x0000000710200000| Untracked 
|  91|0x0000000710400000, 0x0000000710400000, 0x0000000710600000|  0%| F|  |TAMS 0x0000000710400000| PB 0x0000000710400000| Untracked 
|  92|0x0000000710600000, 0x0000000710600000, 0x0000000710800000|  0%| F|  |TAMS 0x0000000710600000| PB 0x0000000710600000| Untracked 
|  93|0x0000000710800000, 0x0000000710800000, 0x0000000710a00000|  0%| F|  |TAMS 0x0000000710800000| PB 0x0000000710800000| Untracked 
|  94|0x0000000710a00000, 0x0000000710a00000, 0x0000000710c00000|  0%| F|  |TAMS 0x0000000710a00000| PB 0x0000000710a00000| Untracked 
|  95|0x0000000710c00000, 0x0000000710c00000, 0x0000000710e00000|  0%| F|  |TAMS 0x0000000710c00000| PB 0x0000000710c00000| Untracked 
|  96|0x0000000710e00000, 0x0000000710e00000, 0x0000000711000000|  0%| F|  |TAMS 0x0000000710e00000| PB 0x0000000710e00000| Untracked 
|  97|0x0000000711000000, 0x0000000711000000, 0x0000000711200000|  0%| F|  |TAMS 0x0000000711000000| PB 0x0000000711000000| Untracked 
|  98|0x0000000711200000, 0x0000000711200000, 0x0000000711400000|  0%| F|  |TAMS 0x0000000711200000| PB 0x0000000711200000| Untracked 
|  99|0x0000000711400000, 0x0000000711400000, 0x0000000711600000|  0%| F|  |TAMS 0x0000000711400000| PB 0x0000000711400000| Untracked 
| 100|0x0000000711600000, 0x0000000711600000, 0x0000000711800000|  0%| F|  |TAMS 0x0000000711600000| PB 0x0000000711600000| Untracked 
| 101|0x0000000711800000, 0x0000000711800000, 0x0000000711a00000|  0%| F|  |TAMS 0x0000000711800000| PB 0x0000000711800000| Untracked 
| 102|0x0000000711a00000, 0x0000000711a00000, 0x0000000711c00000|  0%| F|  |TAMS 0x0000000711a00000| PB 0x0000000711a00000| Untracked 
| 103|0x0000000711c00000, 0x0000000711c00000, 0x0000000711e00000|  0%| F|  |TAMS 0x0000000711c00000| PB 0x0000000711c00000| Untracked 
| 104|0x0000000711e00000, 0x0000000711e00000, 0x0000000712000000|  0%| F|  |TAMS 0x0000000711e00000| PB 0x0000000711e00000| Untracked 
| 105|0x0000000712000000, 0x0000000712000000, 0x0000000712200000|  0%| F|  |TAMS 0x0000000712000000| PB 0x0000000712000000| Untracked 
| 106|0x0000000712200000, 0x0000000712200000, 0x0000000712400000|  0%| F|  |TAMS 0x0000000712200000| PB 0x0000000712200000| Untracked 
| 107|0x0000000712400000, 0x0000000712400000, 0x0000000712600000|  0%| F|  |TAMS 0x0000000712400000| PB 0x0000000712400000| Untracked 
| 108|0x0000000712600000, 0x0000000712600000, 0x0000000712800000|  0%| F|  |TAMS 0x0000000712600000| PB 0x0000000712600000| Untracked 
| 109|0x0000000712800000, 0x0000000712800000, 0x0000000712a00000|  0%| F|  |TAMS 0x0000000712800000| PB 0x0000000712800000| Untracked 
| 110|0x0000000712a00000, 0x0000000712a00000, 0x0000000712c00000|  0%| F|  |TAMS 0x0000000712a00000| PB 0x0000000712a00000| Untracked 
| 111|0x0000000712c00000, 0x0000000712c00000, 0x0000000712e00000|  0%| F|  |TAMS 0x0000000712c00000| PB 0x0000000712c00000| Untracked 
| 112|0x0000000712e00000, 0x0000000712e00000, 0x0000000713000000|  0%| F|  |TAMS 0x0000000712e00000| PB 0x0000000712e00000| Untracked 
| 113|0x0000000713000000, 0x0000000713155ba0, 0x0000000713200000| 66%| S|CS|TAMS 0x0000000713000000| PB 0x0000000713000000| Complete 
| 114|0x0000000713200000, 0x0000000713400000, 0x0000000713400000|100%| S|CS|TAMS 0x0000000713200000| PB 0x0000000713200000| Complete 
| 115|0x0000000713400000, 0x0000000713400000, 0x0000000713600000|  0%| F|  |TAMS 0x0000000713400000| PB 0x0000000713400000| Untracked 
| 116|0x0000000713600000, 0x0000000713600000, 0x0000000713800000|  0%| F|  |TAMS 0x0000000713600000| PB 0x0000000713600000| Untracked 
| 117|0x0000000713800000, 0x0000000713800000, 0x0000000713a00000|  0%| F|  |TAMS 0x0000000713800000| PB 0x0000000713800000| Untracked 
| 118|0x0000000713a00000, 0x0000000713a00000, 0x0000000713c00000|  0%| F|  |TAMS 0x0000000713a00000| PB 0x0000000713a00000| Untracked 
| 119|0x0000000713c00000, 0x0000000713c00000, 0x0000000713e00000|  0%| F|  |TAMS 0x0000000713c00000| PB 0x0000000713c00000| Untracked 
| 120|0x0000000713e00000, 0x0000000713e88908, 0x0000000714000000| 26%| E|  |TAMS 0x0000000713e00000| PB 0x0000000713e00000| Complete 
| 121|0x0000000714000000, 0x0000000714200000, 0x0000000714200000|100%| E|CS|TAMS 0x0000000714000000| PB 0x0000000714000000| Complete 
| 122|0x0000000714200000, 0x0000000714400000, 0x0000000714400000|100%| E|CS|TAMS 0x0000000714200000| PB 0x0000000714200000| Complete 
| 123|0x0000000714400000, 0x0000000714600000, 0x0000000714600000|100%| E|CS|TAMS 0x0000000714400000| PB 0x0000000714400000| Complete 
| 124|0x0000000714600000, 0x0000000714800000, 0x0000000714800000|100%| E|CS|TAMS 0x0000000714600000| PB 0x0000000714600000| Complete 
| 125|0x0000000714800000, 0x0000000714a00000, 0x0000000714a00000|100%| E|CS|TAMS 0x0000000714800000| PB 0x0000000714800000| Complete 

Card table byte_map: [0x0000022a7d1c0000,0x0000022a7d9a0000] _byte_map_base: 0x0000022a79999000

Marking Bits: (CMBitMap*) 0x0000022a64e103b0
 Bits: [0x0000022a00000000, 0x0000022a03ec8000)

Polling page: 0x0000022a62e50000

Metaspace:

Usage:
  Non-class:      6.28 MB used.
      Class:    725.35 KB used.
       Both:      6.99 MB used.

Virtual space:
  Non-class space:       64.00 MB reserved,       6.44 MB ( 10%) committed,  1 nodes.
      Class space:        1.00 GB reserved,     832.00 KB ( <1%) committed,  1 nodes.
             Both:        1.06 GB reserved,       7.25 MB ( <1%) committed. 

Chunk freelists:
   Non-Class:  9.41 MB
       Class:  15.07 MB
        Both:  24.49 MB

MaxMetaspaceSize: unlimited
CompressedClassSpaceSize: 1.00 GB
Initial GC threshold: 21.00 MB
Current GC threshold: 21.00 MB
CDS: on
 - commit_granule_bytes: 65536.
 - commit_granule_words: 8192.
 - virtual_space_node_default_size: 8388608.
 - enlarge_chunks_in_place: 1.
 - use_allocation_guard: 0.


Internal statistics:

num_allocs_failed_limit: 0.
num_arena_births: 240.
num_arena_deaths: 0.
num_vsnodes_births: 2.
num_vsnodes_deaths: 0.
num_space_committed: 116.
num_space_uncommitted: 0.
num_chunks_returned_to_freelist: 0.
num_chunks_taken_from_freelist: 397.
num_chunk_merges: 0.
num_chunk_splits: 236.
num_chunks_enlarged: 98.
num_inconsistent_stats: 0.

CodeHeap 'non-profiled nmethods': size=120000Kb used=405Kb max_used=405Kb free=119594Kb
 bounds [0x0000022a74f60000, 0x0000022a751d0000, 0x0000022a7c490000]
CodeHeap 'profiled nmethods': size=120000Kb used=2188Kb max_used=2188Kb free=117811Kb
 bounds [0x0000022a6d490000, 0x0000022a6d700000, 0x0000022a749c0000]
CodeHeap 'non-nmethods': size=5760Kb used=1561Kb max_used=1585Kb free=4198Kb
 bounds [0x0000022a749c0000, 0x0000022a74c30000, 0x0000022a74f60000]
 total_blobs=1837 nmethods=1262 adapters=480
 compilation: enabled
              stopped_count=0, restarted_count=0
 full_count=0

Compilation events (20 events):
Event: 4589.145 Thread 0x0000022a044f24e0 1253       3       sun.awt.AppContext::getAppContext (51 bytes)
Event: 4589.149 Thread 0x0000022a044f24e0 nmethod 1253 0x0000022a6d6af710 code [0x0000022a6d6af940, 0x0000022a6d6b0110]
Event: 4589.149 Thread 0x0000022a044f24e0 1254       1       java.lang.ThreadGroup::getMaxPriority (5 bytes)
Event: 4589.149 Thread 0x0000022a044f24e0 nmethod 1254 0x0000022a74fc4e90 code [0x0000022a74fc5020, 0x0000022a74fc50e8]
Event: 4598.191 Thread 0x0000022a044f24e0 1255       3       java.util.concurrent.locks.AbstractQueuedSynchronizer$ConditionObject::signalAll (34 bytes)
Event: 4598.192 Thread 0x0000022a044f24e0 nmethod 1255 0x0000022a6d6b0410 code [0x0000022a6d6b0600, 0x0000022a6d6b0968]
Event: 4678.490 Thread 0x0000022a044f24e0 1256       3       sun.awt.AWTAutoShutdown::getInstance (4 bytes)
Event: 4678.491 Thread 0x0000022a044f24e0 nmethod 1256 0x0000022a6d6b0a90 code [0x0000022a6d6b0c20, 0x0000022a6d6b0d18]
Event: 4678.491 Thread 0x0000022a044f24e0 1257       1       sun.util.locale.BaseLocale::getRegion (5 bytes)
Event: 4678.491 Thread 0x0000022a044f24e0 nmethod 1257 0x0000022a74fc5190 code [0x0000022a74fc5320, 0x0000022a74fc53f0]
Event: 4678.492 Thread 0x0000022a044f24e0 1258       3       java.util.HashSet::isEmpty (8 bytes)
Event: 4678.493 Thread 0x0000022a044f24e0 nmethod 1258 0x0000022a6d6b0d90 code [0x0000022a6d6b0f40, 0x0000022a6d6b1190]
Event: 4678.493 Thread 0x0000022a044f24e0 1259       1       java.lang.Thread::isInterrupted (5 bytes)
Event: 4678.493 Thread 0x0000022a044f24e0 nmethod 1259 0x0000022a74fc5490 code [0x0000022a74fc5620, 0x0000022a74fc56f0]
Event: 6657.518 Thread 0x0000022a044f24e0 1260       3       java.lang.invoke.MethodType::changeReturnType (20 bytes)
Event: 6657.519 Thread 0x0000022a044f24e0 nmethod 1260 0x0000022a6d6b1290 code [0x0000022a6d6b1440, 0x0000022a6d6b1618]
Event: 6657.520 Thread 0x0000022a044f24e0 1262       3       java.lang.invoke.LambdaFormEditor::getInCache (165 bytes)
Event: 6657.522 Thread 0x0000022a044f24e0 nmethod 1262 0x0000022a6d6b1710 code [0x0000022a6d6b19a0, 0x0000022a6d6b2848]
Event: 6657.522 Thread 0x0000022a044f24e0 1261       3       java.lang.invoke.LambdaFormEditor$TransformKey::<init> (15 bytes)
Event: 6657.523 Thread 0x0000022a044f24e0 nmethod 1261 0x0000022a6d6b2c90 code [0x0000022a6d6b2e40, 0x0000022a6d6b2fd8]

GC Heap History (2 events):
Event: 1374.592 GC heap before
{Heap before GC invocations=0 (full 0):
 garbage-first heap   total 258048K, used 22528K [0x0000000704e00000, 0x0000000800000000)
  region size 2048K, 11 young (22528K), 0 survivors (0K)
 Metaspace       used 6842K, committed 7104K, reserved 1114112K
  class space    used 689K, committed 768K, reserved 1048576K
}
Event: 1374.603 GC heap after
{Heap after GC invocations=1 (full 0):
 garbage-first heap   total 258048K, used 3414K [0x0000000704e00000, 0x0000000800000000)
  region size 2048K, 2 young (4096K), 2 survivors (4096K)
 Metaspace       used 6842K, committed 7104K, reserved 1114112K
  class space    used 689K, committed 768K, reserved 1048576K
}

Dll operation events (20 events):
Event: 924.002 Loaded shared library C:\Users\Mahaz\.openjfx\cache\23.0.2+3\amd64\api-ms-win-crt-environment-l1-1-0.dll
Event: 924.005 Loaded shared library C:\Users\Mahaz\.openjfx\cache\23.0.2+3\amd64\api-ms-win-crt-filesystem-l1-1-0.dll
Event: 924.009 Loaded shared library C:\Users\Mahaz\.openjfx\cache\23.0.2+3\amd64\api-ms-win-crt-heap-l1-1-0.dll
Event: 924.014 Loaded shared library C:\Users\Mahaz\.openjfx\cache\23.0.2+3\amd64\api-ms-win-crt-locale-l1-1-0.dll
Event: 924.018 Loaded shared library C:\Users\Mahaz\.openjfx\cache\23.0.2+3\amd64\api-ms-win-crt-math-l1-1-0.dll
Event: 924.022 Loaded shared library C:\Users\Mahaz\.openjfx\cache\23.0.2+3\amd64\api-ms-win-crt-multibyte-l1-1-0.dll
Event: 924.025 Loaded shared library C:\Users\Mahaz\.openjfx\cache\23.0.2+3\amd64\api-ms-win-crt-private-l1-1-0.dll
Event: 924.030 Loaded shared library C:\Users\Mahaz\.openjfx\cache\23.0.2+3\amd64\api-ms-win-crt-process-l1-1-0.dll
Event: 924.034 Loaded shared library C:\Users\Mahaz\.openjfx\cache\23.0.2+3\amd64\api-ms-win-crt-runtime-l1-1-0.dll
Event: 924.039 Loaded shared library C:\Users\Mahaz\.openjfx\cache\23.0.2+3\amd64\api-ms-win-crt-stdio-l1-1-0.dll
Event: 924.044 Loaded shared library C:\Users\Mahaz\.openjfx\cache\23.0.2+3\amd64\api-ms-win-crt-string-l1-1-0.dll
Event: 924.048 Loaded shared library C:\Users\Mahaz\.openjfx\cache\23.0.2+3\amd64\api-ms-win-crt-time-l1-1-0.dll
Event: 924.051 Loaded shared library C:\Users\Mahaz\.openjfx\cache\23.0.2+3\amd64\api-ms-win-crt-utility-l1-1-0.dll
Event: 924.066 Loaded shared library C:\Users\Mahaz\.openjfx\cache\23.0.2+3\amd64\ucrtbase.dll
Event: 924.071 Loaded shared library C:\Users\Mahaz\.openjfx\cache\23.0.2+3\amd64\vcruntime140.dll
Event: 924.077 Loaded shared library C:\Users\Mahaz\.openjfx\cache\23.0.2+3\amd64\vcruntime140_1.dll
Event: 924.087 Loaded shared library C:\Users\Mahaz\.openjfx\cache\23.0.2+3\amd64\msvcp140.dll
Event: 924.092 Loaded shared library C:\Users\Mahaz\.openjfx\cache\23.0.2+3\amd64\msvcp140_1.dll
Event: 924.098 Loaded shared library C:\Users\Mahaz\.openjfx\cache\23.0.2+3\amd64\msvcp140_2.dll
Event: 924.146 Loaded shared library C:\Users\Mahaz\.openjfx\cache\23.0.2+3\amd64\prism_d3d.dll

Deoptimization events (20 events):
Event: 4574.333 Thread 0x0000022a4a19cc40 DEOPT PACKING pc=0x0000022a6d670144 sp=0x000000ff632fe930
Event: 4574.333 Thread 0x0000022a4a19cc40 DEOPT UNPACKING pc=0x0000022a74a14e42 sp=0x000000ff632fdd90 mode 1
Event: 4574.333 Thread 0x0000022a4a19cc40 DEOPT PACKING pc=0x0000022a6d51aedc sp=0x000000ff632fe9c0
Event: 4574.333 Thread 0x0000022a4a19cc40 DEOPT UNPACKING pc=0x0000022a74a14e42 sp=0x000000ff632fdea0 mode 1
Event: 4574.333 Thread 0x0000022a4a19cc40 DEOPT PACKING pc=0x0000022a6d670144 sp=0x000000ff632febb0
Event: 4574.333 Thread 0x0000022a4a19cc40 DEOPT UNPACKING pc=0x0000022a74a14e42 sp=0x000000ff632fe020 mode 1
Event: 4574.333 Thread 0x0000022a4a19cc40 DEOPT PACKING pc=0x0000022a6d670144 sp=0x000000ff632fe930
Event: 4574.333 Thread 0x0000022a4a19cc40 DEOPT UNPACKING pc=0x0000022a74a14e42 sp=0x000000ff632fdd90 mode 1
Event: 4574.334 Thread 0x0000022a4a19cc40 DEOPT PACKING pc=0x0000022a6d51aedc sp=0x000000ff632fe9c0
Event: 4574.334 Thread 0x0000022a4a19cc40 DEOPT UNPACKING pc=0x0000022a74a14e42 sp=0x000000ff632fdea0 mode 1
Event: 4574.334 Thread 0x0000022a4a19cc40 DEOPT PACKING pc=0x0000022a6d670144 sp=0x000000ff632febb0
Event: 4574.334 Thread 0x0000022a4a19cc40 DEOPT UNPACKING pc=0x0000022a74a14e42 sp=0x000000ff632fe020 mode 1
Event: 4574.339 Thread 0x0000022a4a19cc40 DEOPT PACKING pc=0x0000022a6d6013e9 sp=0x000000ff632fd690
Event: 4574.340 Thread 0x0000022a4a19cc40 DEOPT UNPACKING pc=0x0000022a74a14e42 sp=0x000000ff632fcb00 mode 1
Event: 4578.697 Thread 0x0000022a4a19bf20 DEOPT PACKING pc=0x0000022a6d6013e9 sp=0x000000ff629ff1e0
Event: 4578.697 Thread 0x0000022a4a19bf20 DEOPT UNPACKING pc=0x0000022a74a14e42 sp=0x000000ff629fe650 mode 1
Event: 4582.594 Thread 0x0000022a4a19d2d0 DEOPT PACKING pc=0x0000022a6d6013e9 sp=0x000000ff634ff300
Event: 4582.594 Thread 0x0000022a4a19d2d0 DEOPT UNPACKING pc=0x0000022a74a14e42 sp=0x000000ff634fe770 mode 1
Event: 4589.137 Thread 0x0000022a4a19a4e0 DEOPT PACKING pc=0x0000022a6d6013e9 sp=0x000000ff629ff290
Event: 4589.137 Thread 0x0000022a4a19a4e0 DEOPT UNPACKING pc=0x0000022a74a14e42 sp=0x000000ff629fe700 mode 1

Classes loaded (20 events):
Event: 1194.942 Loading class sun/awt/windows/WInputMethod
Event: 1194.945 Loading class sun/awt/im/InputMethodAdapter
Event: 1194.945 Loading class java/awt/im/spi/InputMethod
Event: 1194.945 Loading class java/awt/im/spi/InputMethod done
Event: 1194.945 Loading class sun/awt/im/InputMethodAdapter done
Event: 1194.945 Loading class sun/awt/windows/WInputMethod done
Event: 1194.949 Loading class java/awt/Color
Event: 1194.950 Loading class java/awt/Paint
Event: 1194.950 Loading class java/awt/Paint done
Event: 1194.950 Loading class java/awt/Color done
Event: 1195.954 Loading class sun/awt/AppContext$PostShutdownEventRunnable
Event: 1195.954 Loading class sun/awt/AppContext$PostShutdownEventRunnable done
Event: 1195.954 Loading class sun/awt/AWTAutoShutdown$1
Event: 1195.958 Loading class sun/awt/AWTAutoShutdown$1 done
Event: 6657.365 Loading class java/awt/desktop/SystemSleepListener
Event: 6657.365 Loading class java/awt/desktop/SystemEventListener
Event: 6657.365 Loading class java/awt/desktop/SystemEventListener done
Event: 6657.365 Loading class java/awt/desktop/SystemSleepListener done
Event: 6657.623 Loading class java/util/ArrayList$ListItr
Event: 6657.624 Loading class java/util/ArrayList$ListItr done

Classes unloaded (0 events):
No events

Classes redefined (0 events):
No events

Internal exceptions (14 events):
Event: 0.732 Thread 0x0000022a629f4490 Exception <a 'java/lang/ClassNotFoundException'{0x0000000714422998}: sun/awt/resources/spi/awtProvider> (0x0000000714422998) 
thrown [s\src\hotspot\share\classfile\systemDictionary.cpp, line 312]
Event: 0.783 Thread 0x0000022a629f4490 Exception <a 'java/io/FileNotFoundException'{0x0000000714485b78}> (0x0000000714485b78) 
thrown [s\src\hotspot\share\prims\jni.cpp, line 520]
Event: 0.791 Thread 0x0000022a629f4490 Exception <a 'java/io/FileNotFoundException'{0x00000007144b04a0}> (0x00000007144b04a0) 
thrown [s\src\hotspot\share\prims\jni.cpp, line 520]
Event: 923.647 Thread 0x0000022a4a024930 Exception <a 'java/lang/NoSuchMethodError'{0x000000071409efc0}: 'void java.lang.invoke.DirectMethodHandle$Holder.invokeStatic(java.lang.Object, java.lang.Object)'> (0x000000071409efc0) 
thrown [s\src\hotspot\share\interpreter\linkResolver.cpp, line 773]
Event: 923.689 Thread 0x0000022a4a024930 Exception <a 'java/lang/ClassNotFoundException'{0x00000007140c2968}: sun/awt/windows/spi/awtLocalizationProvider> (0x00000007140c2968) 
thrown [s\src\hotspot\share\classfile\systemDictionary.cpp, line 312]
Event: 923.695 Thread 0x0000022a4a024930 Exception <a 'java/lang/NoSuchMethodError'{0x00000007140cb548}: 'int java.lang.invoke.DirectMethodHandle$Holder.invokeStatic(java.lang.Object)'> (0x00000007140cb548) 
thrown [s\src\hotspot\share\interpreter\linkResolver.cpp, line 773]
Event: 923.739 Thread 0x0000022a0485ad50 Exception <a 'java/lang/NoSuchMethodError'{0x0000000713e81090}: 'int java.lang.invoke.DirectMethodHandle$Holder.invokeSpecial(java.lang.Object, java.lang.Object, java.lang.Object)'> (0x0000000713e81090) 
thrown [s\src\hotspot\share\interpreter\linkResolver.cpp, line 773]
Event: 923.779 Thread 0x0000022a0485ad50 Exception <a 'java/lang/NoSuchMethodError'{0x0000000713ee04d0}: 'void java.lang.invoke.DirectMethodHandle$Holder.invokeStatic(java.lang.Object, long)'> (0x0000000713ee04d0) 
thrown [s\src\hotspot\share\interpreter\linkResolver.cpp, line 773]
Event: 923.780 Thread 0x0000022a0485ad50 Exception <a 'java/lang/NoSuchMethodError'{0x0000000713ee5470}: 'java.lang.Object java.lang.invoke.DirectMethodHandle$Holder.newInvokeSpecial(java.lang.Object, long)'> (0x0000000713ee5470) 
thrown [s\src\hotspot\share\interpreter\linkResolver.cpp, line 773]
Event: 923.781 Thread 0x0000022a0485ad50 Exception <a 'java/lang/NoSuchMethodError'{0x0000000713eebb58}: 'java.lang.Object java.lang.invoke.DirectMethodHandle$Holder.invokeStatic(java.lang.Object, long, java.lang.Object)'> (0x0000000713eebb58) 
thrown [s\src\hotspot\share\interpreter\linkResolver.cpp, line 773]
Event: 923.782 Thread 0x0000022a0485ad50 Exception <a 'java/lang/NoSuchMethodError'{0x0000000713eef1f0}: 'java.lang.Object java.lang.invoke.DirectMethodHandle$Holder.invokeStaticInit(java.lang.Object, long, java.lang.Object)'> (0x0000000713eef1f0) 
thrown [s\src\hotspot\share\interpreter\linkResolver.cpp, line 773]
Event: 924.130 Thread 0x0000022a0485ad50 Exception <a 'java/lang/NoSuchMethodError'{0x00000007138442b8}: 'void java.lang.invoke.DirectMethodHandle$Holder.invokeSpecial(java.lang.Object, java.lang.Object, java.lang.Object)'> (0x00000007138442b8) 
thrown [s\src\hotspot\share\interpreter\linkResolver.cpp, line 773]
Event: 924.134 Thread 0x0000022a0485ad50 Exception <a 'java/lang/NoSuchMethodError'{0x000000071385e128}: 'void java.lang.invoke.DirectMethodHandle$Holder.invokeStatic(java.lang.Object, java.lang.Object, java.lang.Object)'> (0x000000071385e128) 
thrown [s\src\hotspot\share\interpreter\linkResolver.cpp, line 773]
Event: 924.217 Thread 0x0000022a0485ad50 Exception <a 'java/lang/NoSuchMethodError'{0x00000007138e76e0}: 'int java.lang.invoke.DirectMethodHandle$Holder.invokeStaticInit(java.lang.Object, java.lang.Object, java.lang.Object)'> (0x00000007138e76e0) 
thrown [s\src\hotspot\share\interpreter\linkResolver.cpp, line 773]

ZGC Phase Switch (0 events):
No events

VM Operations (20 events):
Event: 4450.234 Executing VM operation: HandshakeAllThreads (HandshakeForDeflation)
Event: 4450.234 Executing VM operation: HandshakeAllThreads (HandshakeForDeflation) done
Event: 4450.234 Executing VM operation: RendezvousGCThreads
Event: 4450.234 Executing VM operation: RendezvousGCThreads done
Event: 4570.641 Executing VM operation: HandshakeAllThreads (HandshakeForDeflation)
Event: 4570.641 Executing VM operation: HandshakeAllThreads (HandshakeForDeflation) done
Event: 4570.642 Executing VM operation: RendezvousGCThreads
Event: 4570.642 Executing VM operation: RendezvousGCThreads done
Event: 4589.820 Executing VM operation: Cleanup
Event: 4589.820 Executing VM operation: Cleanup done
Event: 4598.925 Executing VM operation: Cleanup
Event: 4598.925 Executing VM operation: Cleanup done
Event: 4630.838 Executing VM operation: HandshakeAllThreads (HandshakeForDeflation)
Event: 4630.838 Executing VM operation: HandshakeAllThreads (HandshakeForDeflation) done
Event: 4630.839 Executing VM operation: RendezvousGCThreads
Event: 4630.839 Executing VM operation: RendezvousGCThreads done
Event: 4690.961 Executing VM operation: HandshakeAllThreads (HandshakeForDeflation)
Event: 4690.961 Executing VM operation: HandshakeAllThreads (HandshakeForDeflation) done
Event: 4690.962 Executing VM operation: RendezvousGCThreads
Event: 4690.962 Executing VM operation: RendezvousGCThreads done

Memory protections (0 events):
No events

Nmethod flushes (0 events):
No events

Events (20 events):
Event: 4578.701 Thread 0x0000022a4a19bf20 Thread added: 0x0000022a4a19d2d0
Event: 4578.701 Thread 0x0000022a4a19bf20 Thread exited: 0x0000022a4a19bf20
Event: 4582.601 Thread 0x0000022a4a19d2d0 Thread added: 0x0000022a4a19a4e0
Event: 4582.602 Thread 0x0000022a4a19d2d0 Thread exited: 0x0000022a4a19d2d0
Event: 4589.146 Thread 0x0000022a4a19a4e0 Thread added: 0x0000022a4a19cc40
Event: 4589.153 Thread 0x0000022a4a19a4e0 Thread added: 0x0000022a4a19d2d0
Event: 4589.154 Thread 0x0000022a4a19a4e0 Thread added: 0x0000022a4a19bf20
Event: 4589.157 Thread 0x0000022a4a19d2d0 Thread exited: 0x0000022a4a19d2d0
Event: 4589.180 Thread 0x0000022a4a19bf20 Thread added: 0x0000022a4a19d2d0
Event: 4589.180 Thread 0x0000022a4a19bf20 Thread added: 0x0000022a4a19b200
Event: 4589.577 Thread 0x0000022a4a19b200 Thread exited: 0x0000022a4a19b200
Event: 4590.196 Thread 0x0000022a4a19d2d0 Thread exited: 0x0000022a4a19d2d0
Event: 4598.205 Thread 0x0000022a4a19a4e0 Thread added: 0x0000022a4a19d2d0
Event: 4598.205 Thread 0x0000022a4a19a4e0 Thread exited: 0x0000022a4a19a4e0
Event: 4678.493 Thread 0x0000022a4a19d2d0 Thread added: 0x0000022a4a199e50
Event: 4678.493 Thread 0x0000022a4a19d2d0 Thread exited: 0x0000022a4a19d2d0
Event: 4679.508 Thread 0x0000022a4a19bf20 Thread exited: 0x0000022a4a19bf20
Event: 4679.508 Thread 0x0000022a4a19cc40 Thread exited: 0x0000022a4a19cc40
Event: 6656.292 Thread 0x0000022a4a027a00 Thread added: 0x0000022a4a19bf20
Event: 6657.520 Thread 0x0000022a4a027a00 Thread added: 0x0000022a4a19d2d0


Dynamic libraries:
0x00007ff61bd60000 - 0x00007ff61bd6e000 	C:\Program Files\BlueJ\jdk\bin\java.exe
0x00007fff1d920000 - 0x00007fff1db88000 	C:\Windows\SYSTEM32\ntdll.dll
0x00007fff1cc10000 - 0x00007fff1ccd9000 	C:\Windows\System32\KERNEL32.DLL
0x00007fff1a820000 - 0x00007fff1ac11000 	C:\Windows\System32\KERNELBASE.dll
0x00007fff1a6d0000 - 0x00007fff1a81b000 	C:\Windows\System32\ucrtbase.dll
0x00007ffebdbc0000 - 0x00007ffebdbd8000 	C:\Program Files\BlueJ\jdk\bin\jli.dll
0x00007ffec4530000 - 0x00007ffec454e000 	C:\Program Files\BlueJ\jdk\bin\VCRUNTIME140.dll
0x00007fff1d4b0000 - 0x00007fff1d676000 	C:\Windows\System32\USER32.dll
0x00007fff1acb0000 - 0x00007fff1acd7000 	C:\Windows\System32\win32u.dll
0x00007fff1d170000 - 0x00007fff1d19b000 	C:\Windows\System32\GDI32.dll
0x00007ffefde40000 - 0x00007ffefe0d3000 	C:\Windows\WinSxS\amd64_microsoft.windows.common-controls_6595b64144ccf1df_6.0.26100.7824_none_3e0870b2e3345462\COMCTL32.dll
0x00007fff1a200000 - 0x00007fff1a32b000 	C:\Windows\System32\gdi32full.dll
0x00007fff1a570000 - 0x00007fff1a613000 	C:\Windows\System32\msvcp_win.dll
0x00007fff1be80000 - 0x00007fff1bf29000 	C:\Windows\System32\msvcrt.dll
0x00007fff1caf0000 - 0x00007fff1cb21000 	C:\Windows\System32\IMM32.DLL
0x00007ffee3200000 - 0x00007ffee320c000 	C:\Program Files\BlueJ\jdk\bin\vcruntime140_1.dll
0x00007ffe1e590000 - 0x00007ffe1e61d000 	C:\Program Files\BlueJ\jdk\bin\msvcp140.dll
0x00007ffe079a0000 - 0x00007ffe08730000 	C:\Program Files\BlueJ\jdk\bin\server\jvm.dll
0x00007fff1ca30000 - 0x00007fff1cae4000 	C:\Windows\System32\ADVAPI32.dll
0x00007fff1b6c0000 - 0x00007fff1b766000 	C:\Windows\System32\sechost.dll
0x00007fff1d1a0000 - 0x00007fff1d2b8000 	C:\Windows\System32\RPCRT4.dll
0x00007fff1bdb0000 - 0x00007fff1be24000 	C:\Windows\System32\WS2_32.dll
0x00007fff1a080000 - 0x00007fff1a0de000 	C:\Windows\SYSTEM32\POWRPROF.dll
0x00007fff15070000 - 0x00007fff150a5000 	C:\Windows\SYSTEM32\WINMM.dll
0x00007ffefe6e0000 - 0x00007ffefe6eb000 	C:\Windows\SYSTEM32\VERSION.dll
0x00007fff1a060000 - 0x00007fff1a074000 	C:\Windows\SYSTEM32\UMPDC.dll
0x00007fff18f60000 - 0x00007fff18f7b000 	C:\Windows\SYSTEM32\kernel.appcore.dll
0x00007ffec6c20000 - 0x00007ffec6c2a000 	C:\Program Files\BlueJ\jdk\bin\jimage.dll
0x00007fff180b0000 - 0x00007fff182f2000 	C:\Windows\SYSTEM32\DBGHELP.DLL
0x00007fff1bf30000 - 0x00007fff1c2b6000 	C:\Windows\System32\combase.dll
0x00007fff1cb30000 - 0x00007fff1cc07000 	C:\Windows\System32\OLEAUT32.dll
0x00007fff15030000 - 0x00007fff1506b000 	C:\Windows\SYSTEM32\dbgcore.DLL
0x00007fff1a620000 - 0x00007fff1a6c5000 	C:\Windows\System32\bcryptPrimitives.dll
0x00007ffe5a670000 - 0x00007ffe5a6ac000 	C:\Program Files\BlueJ\jdk\bin\jdwp.dll
0x00007ffeb8da0000 - 0x00007ffeb8dbf000 	C:\Program Files\BlueJ\jdk\bin\java.dll
0x00007fff1c2c0000 - 0x00007fff1ca12000 	C:\Windows\System32\SHELL32.dll
0x00007fff1b550000 - 0x00007fff1b6ba000 	C:\Windows\System32\wintypes.dll
0x00007fff1ace0000 - 0x00007fff1b543000 	C:\Windows\System32\windows.storage.dll
0x00007fff1bb10000 - 0x00007fff1bc06000 	C:\Windows\System32\SHCORE.dll
0x00007fff1d870000 - 0x00007fff1d8d7000 	C:\Windows\System32\shlwapi.dll
0x00007fff1a120000 - 0x00007fff1a149000 	C:\Windows\SYSTEM32\profapi.dll
0x00007ffe13820000 - 0x00007ffe138f7000 	C:\Program Files\BlueJ\jdk\bin\jsvml.dll
0x00007ffebd510000 - 0x00007ffebd51b000 	C:\Program Files\BlueJ\jdk\bin\dt_shmem.dll
0x00007ffec35b0000 - 0x00007ffec35c0000 	C:\Program Files\BlueJ\jdk\bin\net.dll
0x00007fff14260000 - 0x00007fff14387000 	C:\Windows\SYSTEM32\WINHTTP.dll
0x00007fff194b0000 - 0x00007fff1951b000 	C:\Windows\system32\mswsock.dll
0x00007ffeb7710000 - 0x00007ffeb7726000 	C:\Program Files\BlueJ\jdk\bin\nio.dll
0x00007ffeb5e30000 - 0x00007ffeb5e48000 	C:\Program Files\BlueJ\jdk\bin\zip.dll
0x00007ffe0df00000 - 0x00007ffe0e08e000 	C:\Program Files\BlueJ\jdk\bin\awt.dll
0x00007fff17550000 - 0x00007fff175ee000 	C:\Windows\SYSTEM32\apphelp.dll
0x00007fff17790000 - 0x00007fff1783b000 	C:\Windows\system32\uxtheme.dll
0x00007fff1b770000 - 0x00007fff1b8cf000 	C:\Windows\System32\MSCTF.dll
0x00007fff1b970000 - 0x00007fff1bb07000 	C:\Windows\System32\ole32.dll
0x00007fff17a40000 - 0x00007fff17a71000 	C:\Windows\system32\DWMAPI.DLL
0x00007ffe559d0000 - 0x00007ffe55ae0000 	C:\Windows\system32\opengl32.dll
0x00007ffed66d0000 - 0x00007ffed66fd000 	C:\Windows\SYSTEM32\GLU32.dll
0x00007fff17870000 - 0x00007fff178b4000 	C:\Windows\SYSTEM32\dxcore.dll
0x00007fff1d760000 - 0x00007fff1d84f000 	C:\Windows\System32\COMDLG32.dll
0x00007fff1bc10000 - 0x00007fff1bcc0000 	C:\Windows\System32\clbcatq.dll
0x00007ffebcf50000 - 0x00007ffebcf5a000 	C:\Program Files\BlueJ\jdk\bin\management.dll
0x00007ffebc8a0000 - 0x00007ffebc8ab000 	C:\Program Files\BlueJ\jdk\bin\management_ext.dll
0x00007fff1d730000 - 0x00007fff1d738000 	C:\Windows\System32\PSAPI.DLL
0x00007ffeeeab0000 - 0x00007ffeeeac8000 	C:\Windows\system32\napinsp.dll
0x00007fff189f0000 - 0x00007fff18b1c000 	C:\Windows\SYSTEM32\DNSAPI.dll
0x00007fff18960000 - 0x00007fff18994000 	C:\Windows\SYSTEM32\IPHLPAPI.DLL
0x00007fff1ca20000 - 0x00007fff1ca2a000 	C:\Windows\System32\NSI.dll
0x00007ffeee750000 - 0x00007ffeee762000 	C:\Windows\System32\winrnr.dll
0x00007ffeee720000 - 0x00007ffeee742000 	C:\Windows\system32\nlansp_c.dll
0x00007ffeee700000 - 0x00007ffeee716000 	C:\Windows\system32\wshbth.dll
0x00007fff13740000 - 0x00007fff1374b000 	C:\Windows\System32\rasadhlp.dll
0x00007fff14de0000 - 0x00007fff14e66000 	C:\Windows\System32\fwpuclnt.dll
0x00007ffee5860000 - 0x00007ffee59a9000 	C:\Windows\SYSTEM32\textinputframework.dll
0x00007ffed1f70000 - 0x00007ffed1fe9000 	C:\Windows\system32\Oleacc.dll
0x00007ffeb7740000 - 0x00007ffeb77e0000 	C:\Program Files\Common Files\microsoft shared\ink\tiptsf.dll
0x00007ffed9170000 - 0x00007ffed917d000 	C:\Windows\SYSTEM32\atlthunk.dll
0x00007ffeda4e0000 - 0x00007ffeda901000 	C:\Windows\SYSTEM32\uiautomationcore.dll
0x0000022a04f90000 - 0x0000022a04f93000 	C:\Users\Mahaz\.openjfx\cache\23.0.2+3\amd64\api-ms-win-core-console-l1-1-0.dll
0x0000022a04fa0000 - 0x0000022a04fa3000 	C:\Users\Mahaz\.openjfx\cache\23.0.2+3\amd64\api-ms-win-core-console-l1-2-0.dll
0x0000022a04fb0000 - 0x0000022a04fb3000 	C:\Users\Mahaz\.openjfx\cache\23.0.2+3\amd64\api-ms-win-core-datetime-l1-1-0.dll
0x0000022a04fc0000 - 0x0000022a04fc3000 	C:\Users\Mahaz\.openjfx\cache\23.0.2+3\amd64\api-ms-win-core-debug-l1-1-0.dll
0x0000022a04fd0000 - 0x0000022a04fd3000 	C:\Users\Mahaz\.openjfx\cache\23.0.2+3\amd64\api-ms-win-core-errorhandling-l1-1-0.dll
0x0000022a04fe0000 - 0x0000022a04fe4000 	C:\Users\Mahaz\.openjfx\cache\23.0.2+3\amd64\api-ms-win-core-file-l1-1-0.dll
0x0000022a04ff0000 - 0x0000022a04ff3000 	C:\Users\Mahaz\.openjfx\cache\23.0.2+3\amd64\api-ms-win-core-file-l1-2-0.dll
0x0000022a4b410000 - 0x0000022a4b413000 	C:\Users\Mahaz\.openjfx\cache\23.0.2+3\amd64\api-ms-win-core-file-l2-1-0.dll
0x00007ffee4f90000 - 0x00007ffee5043000 	C:\Windows\SYSTEM32\TextShaping.dll
0x0000022a4c730000 - 0x0000022a4c733000 	C:\Users\Mahaz\.openjfx\cache\23.0.2+3\amd64\api-ms-win-core-handle-l1-1-0.dll
0x0000022a4c740000 - 0x0000022a4c743000 	C:\Users\Mahaz\.openjfx\cache\23.0.2+3\amd64\api-ms-win-core-heap-l1-1-0.dll
0x0000022a4c750000 - 0x0000022a4c753000 	C:\Users\Mahaz\.openjfx\cache\23.0.2+3\amd64\api-ms-win-core-interlocked-l1-1-0.dll
0x0000022a4c760000 - 0x0000022a4c763000 	C:\Users\Mahaz\.openjfx\cache\23.0.2+3\amd64\api-ms-win-core-libraryloader-l1-1-0.dll
0x0000022a4c770000 - 0x0000022a4c773000 	C:\Users\Mahaz\.openjfx\cache\23.0.2+3\amd64\api-ms-win-core-localization-l1-2-0.dll
0x0000022a4c780000 - 0x0000022a4c783000 	C:\Users\Mahaz\.openjfx\cache\23.0.2+3\amd64\api-ms-win-core-memory-l1-1-0.dll
0x0000022a4c790000 - 0x0000022a4c793000 	C:\Users\Mahaz\.openjfx\cache\23.0.2+3\amd64\api-ms-win-core-namedpipe-l1-1-0.dll
0x0000022a4c7a0000 - 0x0000022a4c7a3000 	C:\Users\Mahaz\.openjfx\cache\23.0.2+3\amd64\api-ms-win-core-processenvironment-l1-1-0.dll
0x0000022a4c7b0000 - 0x0000022a4c7b3000 	C:\Users\Mahaz\.openjfx\cache\23.0.2+3\amd64\api-ms-win-core-processthreads-l1-1-0.dll
0x0000022a4c7c0000 - 0x0000022a4c7c3000 	C:\Users\Mahaz\.openjfx\cache\23.0.2+3\amd64\api-ms-win-core-processthreads-l1-1-1.dll
0x0000022a4c7d0000 - 0x0000022a4c7d3000 	C:\Users\Mahaz\.openjfx\cache\23.0.2+3\amd64\api-ms-win-core-profile-l1-1-0.dll
0x0000022a4c7e0000 - 0x0000022a4c7e3000 	C:\Users\Mahaz\.openjfx\cache\23.0.2+3\amd64\api-ms-win-core-rtlsupport-l1-1-0.dll
0x0000022a4c7f0000 - 0x0000022a4c7f3000 	C:\Users\Mahaz\.openjfx\cache\23.0.2+3\amd64\api-ms-win-core-string-l1-1-0.dll
0x00007ffede080000 - 0x00007ffede0a9000 	C:\Windows\SYSTEM32\edputil.dll
0x0000022a4c800000 - 0x0000022a4c803000 	C:\Users\Mahaz\.openjfx\cache\23.0.2+3\amd64\api-ms-win-core-synch-l1-1-0.dll
0x0000022a4c810000 - 0x0000022a4c813000 	C:\Users\Mahaz\.openjfx\cache\23.0.2+3\amd64\api-ms-win-core-synch-l1-2-0.dll
0x0000022a4c820000 - 0x0000022a4c823000 	C:\Users\Mahaz\.openjfx\cache\23.0.2+3\amd64\api-ms-win-core-sysinfo-l1-1-0.dll
0x0000022a4c830000 - 0x0000022a4c833000 	C:\Users\Mahaz\.openjfx\cache\23.0.2+3\amd64\api-ms-win-core-timezone-l1-1-0.dll
0x00007fff15830000 - 0x00007fff15a5f000 	C:\Windows\SYSTEM32\WindowsCodecs.dll
0x0000022a4c900000 - 0x0000022a4c903000 	C:\Users\Mahaz\.openjfx\cache\23.0.2+3\amd64\api-ms-win-core-util-l1-1-0.dll
0x0000022a4ca20000 - 0x0000022a4ca23000 	C:\Users\Mahaz\.openjfx\cache\23.0.2+3\amd64\api-ms-win-crt-conio-l1-1-0.dll
0x0000022a4ca30000 - 0x0000022a4ca34000 	C:\Users\Mahaz\.openjfx\cache\23.0.2+3\amd64\api-ms-win-crt-convert-l1-1-0.dll
0x00007fff16c70000 - 0x00007fff16d25000 	C:\Windows\SYSTEM32\policymanager.dll
0x00007ffef58d0000 - 0x00007ffef59e7000 	C:\Windows\System32\SystemSettings.DataModel.dll
0x00007ffedddf0000 - 0x00007ffeddeb9000 	C:\Windows\System32\OneCoreCommonProxyStub.dll
0x0000022a4ca40000 - 0x0000022a4ca43000 	C:\Users\Mahaz\.openjfx\cache\23.0.2+3\amd64\api-ms-win-crt-environment-l1-1-0.dll
0x00007fff18700000 - 0x00007fff1872d000 	C:\Windows\SYSTEM32\slc.dll
0x00007fff19560000 - 0x00007fff1958b000 	C:\Windows\SYSTEM32\USERENV.dll
0x00007fff19200000 - 0x00007fff19249000 	C:\Windows\SYSTEM32\SspiCli.dll
0x0000022a4caa0000 - 0x0000022a4caa3000 	C:\Users\Mahaz\.openjfx\cache\23.0.2+3\amd64\api-ms-win-crt-filesystem-l1-1-0.dll
0x0000022a4cab0000 - 0x0000022a4cab3000 	C:\Users\Mahaz\.openjfx\cache\23.0.2+3\amd64\api-ms-win-crt-heap-l1-1-0.dll
0x00007fff064a0000 - 0x00007fff06af0000 	C:\Windows\System32\OneCoreUAPCommonProxyStub.dll
0x0000022a4cac0000 - 0x0000022a4cac3000 	C:\Users\Mahaz\.openjfx\cache\23.0.2+3\amd64\api-ms-win-crt-locale-l1-1-0.dll
0x00007fff19d70000 - 0x00007fff19dc7000 	C:\Windows\SYSTEM32\CFGMGR32.dll
0x00007ffef23a0000 - 0x00007ffef245f000 	C:\Windows\System32\StructuredQuery.dll
0x00007ffef93d0000 - 0x00007ffef966e000 	C:\Windows\System32\icu.dll
0x0000022a4cad0000 - 0x0000022a4cad5000 	C:\Users\Mahaz\.openjfx\cache\23.0.2+3\amd64\api-ms-win-crt-math-l1-1-0.dll
0x0000022a4cae0000 - 0x0000022a4cae5000 	C:\Users\Mahaz\.openjfx\cache\23.0.2+3\amd64\api-ms-win-crt-multibyte-l1-1-0.dll
0x00007fff18340000 - 0x00007fff18443000 	C:\Windows\SYSTEM32\PROPSYS.dll
0x00007ffedebe0000 - 0x00007ffedeca4000 	C:\Windows\System32\Windows.StateRepositoryPS.dll
0x0000022a4caf0000 - 0x0000022a4cb00000 	C:\Users\Mahaz\.openjfx\cache\23.0.2+3\amd64\api-ms-win-crt-private-l1-1-0.dll
0x00007ffeddf00000 - 0x00007ffede079000 	C:\Windows\System32\Windows.System.Launcher.dll
0x00007fff0feb0000 - 0x00007fff0feca000 	C:\Windows\SYSTEM32\windows.staterepositorycore.dll

dbghelp: loaded successfully - version: 4.0.5 - missing functions: none
symbol engine: initialized successfully - sym options: 0x614 - pdb path: .;C:\Program Files\BlueJ\jdk\bin;C:\Windows\SYSTEM32;C:\Windows\WinSxS\amd64_microsoft.windows.common-controls_6595b64144ccf1df_6.0.26100.7824_none_3e0870b2e3345462;C:\Program Files\BlueJ\jdk\bin\server;C:\Program Files\Common Files\microsoft shared\ink;C:\Users\Mahaz\.openjfx\cache\23.0.2+3\amd64;C:\Windows\System32\DriverStore\FileRepository\iigd_dch.inf_amd64_37c3eb79f329417d;C:\Program Files\Microsoft OneDrive\26.012.0119.0002;C:\Windows\WinSxS\amd64_microsoft.windows.gdiplus_6595b64144ccf1df_1.1.26100.7824_none_6ef363983dc6ce30

VM Arguments:
jvm_args: -ea -agentlib:jdwp=transport=dt_shmem,address=javadebug -Dfile.encoding=UTF-8 
java_command: bluej.runtime.ExecServer UTF-8
java_class_path (initial): C:\Program Files\BlueJ\lib\bluejcore.jar;C:\Program Files\BlueJ\lib\javafx-base-23.0.2-win.jar;C:\Program Files\BlueJ\lib\javafx-controls-23.0.2-win.jar;C:\Program Files\BlueJ\lib\javafx-fxml-23.0.2-win.jar;C:\Program Files\BlueJ\lib\javafx-graphics-23.0.2-win.jar;C:\Program Files\BlueJ\lib\javafx-media-23.0.2-win.jar;C:\Program Files\BlueJ\lib\javafx-swing-23.0.2-win.jar;C:\Program Files\BlueJ\lib\javafx-web-23.0.2-win.jar;C:\Program Files\BlueJ\lib\junit-4.12.jar;C:\Program Files\BlueJ\lib\junit-jupiter-5.5.2.jar;C:\Program Files\BlueJ\lib\junit-jupiter-api-5.5.2.jar;C:\Program Files\BlueJ\lib\junit-jupiter-engine-5.5.2.jar;C:\Program Files\BlueJ\lib\junit-jupiter-params-5.5.2.jar;C:\Program Files\BlueJ\lib\junit-platform-commons-1.5.2.jar;C:\Program Files\BlueJ\lib\junit-platform-engine-1.5.2.jar;C:\Program Files\BlueJ\lib\junit-platform-launcher-1.5.2.jar;C:\Program Files\BlueJ\lib\junit-platform-suite-api-1.5.2.jar;C:\Program Files\BlueJ\lib\junit-vintage-engine-5.5.2.jar;C:\Program Files\BlueJ\lib\hamcrest-core-1.3.jar;C:\Program Files\BlueJ\lib\opentest4j-1.2.0.jar;C:\Program Files\BlueJ\lib\lang-stride.jar;C:\Program Files\BlueJ\lib\javafx\javafx.base.jar;C:\Program Files\BlueJ\lib\javafx\javafx.controls.jar;C:\Program Files\BlueJ\lib\javafx\javafx.fxml.jar;C:\Program Files\BlueJ\lib\javafx\javafx.graphics.jar;C:\Program Files\BlueJ\lib\javafx\javafx.media.jar;C:\Program Files\BlueJ\lib\javafx\javafx.properties.jar;C:\Program Files\BlueJ\lib\javafx\javafx.swing.jar;C:\Program Files\BlueJ\lib\javafx\javafx.web.jar
Launcher Type: SUN_STANDARD

[Global flags]
     intx CICompilerCount                          = 4                                         {product} {ergonomic}
     uint ConcGCThreads                            = 3                                         {product} {ergonomic}
     uint G1ConcRefinementThreads                  = 10                                        {product} {ergonomic}
   size_t G1HeapRegionSize                         = 2097152                                   {product} {ergonomic}
    uintx GCDrainStackTargetSize                   = 64                                        {product} {ergonomic}
   size_t InitialHeapSize                          = 264241152                                 {product} {ergonomic}
   size_t MarkStackSize                            = 4194304                                   {product} {ergonomic}
   size_t MaxHeapSize                              = 4213178368                                {product} {ergonomic}
   size_t MaxNewSize                               = 2527068160                                {product} {ergonomic}
   size_t MinHeapDeltaBytes                        = 2097152                                   {product} {ergonomic}
   size_t MinHeapSize                              = 8388608                                   {product} {ergonomic}
    uintx NonNMethodCodeHeapSize                   = 5839372                                {pd product} {ergonomic}
    uintx NonProfiledCodeHeapSize                  = 122909434                              {pd product} {ergonomic}
    uintx ProfiledCodeHeapSize                     = 122909434                              {pd product} {ergonomic}
    uintx ReservedCodeCacheSize                    = 251658240                              {pd product} {ergonomic}
     bool SegmentedCodeCache                       = true                                      {product} {ergonomic}
   size_t SoftMaxHeapSize                          = 4213178368                             {manageable} {ergonomic}
     bool UseCompressedOops                        = true                           {product lp64_product} {ergonomic}
     bool UseG1GC                                  = true                                      {product} {ergonomic}
     bool UseLargePagesIndividualAllocation        = false                                  {pd product} {ergonomic}

Logging:
Log output configuration:
 #0: stdout all=warning uptime,level,tags foldmultilines=false
 #1: stderr all=off uptime,level,tags foldmultilines=false

Environment Variables:
JAVA_HOME=C:\Program Files\Eclipse Adoptium\jdk-17.0.17.10-hotspot\
PATH=C:\Program Files\Eclipse Adoptium\jdk-17.0.17.10-hotspot\\bin;C:\Program Files\Eclipse Adoptium\jdk-17.0.17.10-hotspot\;C:\Users\Mahaz;C:\Windows\system32;C:\Windows;C:\Windows\System32\Wbem;C:\Windows\System32\WindowsPowerShell\v1.0\;C:\Windows\System32\OpenSSH\;C:\Program Files\dotnet\;C:\Program Files\nodejs;C:\Program Files\Docker\Docker\resources\bin;C:\Program Files\Vagrant\bin;C:\Program Files\Git\cmd;C:\Program Files (x86)\Windows Kits\10\Windows Performance Toolkit\;C:\Program Files\CMake\bin;C:\Users\Mahaz\AppData\Local\Microsoft\WindowsApps;C:\Users\Mahaz\AppData\Local\Programs\Microsoft VS Code\bin;C:\Users\Mahaz\AppData\Roaming\npm;C:\Users\Mahaz\.dotnet\tools
USERNAME=Mahaz
OS=Windows_NT
PROCESSOR_IDENTIFIER=Intel64 Family 6 Model 186 Stepping 3, GenuineIntel
TMP=C:\Users\Mahaz\AppData\Local\Temp
TEMP=C:\Users\Mahaz\AppData\Local\Temp




Periodic native trim disabled

---------------  S Y S T E M  ---------------

OS:
 Windows 11 , 64 bit Build 26100 (10.0.26100.7705)
OS uptime: 4 days 22:51 hours
Hyper-V role detected

CPU: total 12 (initial active 12) (6 cores per cpu, 2 threads per core) family 6 model 186 stepping 3 microcode 0x4128, cx8, cmov, fxsr, ht, mmx, 3dnowpref, sse, sse2, sse3, ssse3, sse4.1, sse4.2, popcnt, lzcnt, tsc, tscinvbit, avx, avx2, aes, erms, clmul, bmi1, bmi2, adx, sha, fma, vzeroupper, clflush, clflushopt, clwb, hv, serialize, rdtscp, rdpid, fsrm, f16c, cet_ibt, cet_ss
Processor Information for the first 12 processors :
  Max Mhz: 1800, Current Mhz: 1800, Mhz Limit: 1800

Memory: 4k page, system-wide physical 16068M (2102M free)
TotalPageFile size 37572M (AvailPageFile size 16420M)
current process WorkingSet (physical memory assigned to process): 111M, peak: 137M
current process commit charge ("private bytes"): 403M, peak: 404M

vm_info: OpenJDK 64-Bit Server VM (21.0.6+7-LTS) for windows-amd64 JRE (21.0.6+7-LTS), built on 2025-01-21T00:00:00Z by "admin" with MS VC++ 17.7 (VS2022)

END.
